D/PowerManagerService(  192):   oldScreenOn=false newScreenOn=true
D/PowerManagerService(  192):   oldBatteryLow=false newBatteryLow=false
D/WindowManager(  192): interceptKeyBeforeQueueing keycode=26 action=0 flags=8 scanCode=116 policyFlags=33554433 screenIsOn=false mPolicy.interceptKeyBeforeQueueing=0
W/LightsService(  192): Method(setLightLocked), LightID(BUTTONS), Color(0xFF1E1E1E), Mode(FLASH_NONE), OnMS(0), OffMS(0)
I/PowerManagerService(  192): SCREEN_ON_BIT 3 steps:1
D/UnlockScreen(  192): I Have Add a condition to the frameword(isPatternLockTimeOut)false
D/PowerManagerService(  192): acquireWakeLock flags=0x1 tag=sleep_broadcast
D/PowerManagerService(  192): releaseWakeLock flags=0x1 tag=keyguardWakeAndHandOff
W/LightsService(  192): Method(setLightLocked), LightID(BACKLIGHT), Color(0xFF1E1E1E), Mode(FLASH_NONE), OnMS(0), OffMS(0)
V/WindowManager(  192): Found focus @ 13 = Window{40991be8 Keyguard paused=false}
V/WindowManager(  192): Found focus @ 13 = Window{40991be8 Keyguard paused=false}
D/IronNotifyLed(  382): receiving intent ... <com.fihtdc.action.THIRD_PARTY_APPS_OFF>
D/IronNotifyLed(  382): Domino-1.1 LED: fullBattery(X), LowBattery(X), LowBatteryCharging(X), charging(O), MissingCall(X), NewMsg(X), NewMail(X), ScreenON(X), 3rdPartyApps(X)
D/IronNotifyLed(  382): notifyLedAlwaysOn color : 16776960
D/IronNotifyLed(  382): Led state :isChargingOn 
D/LightsService(  192): Pre: ScreenOn(true), InCall(false), Lights Size(1), Pending Existing(false)
W/LightsService(  192): Method(setColor), LightID(BATTERY), Color(0xFF00FF00), Mode(FLASH_NONE), OnMS(0), OffMS(0)
W/LightsService(  192): Method(turnOff), LightID(NOTIFICATIONS), Color(0x0), Mode(FLASH_NONE), OnMS(0), OffMS(0)
D/LightsService(  192): broadcasting <THIRD_PARTY_APPS_OFF> ...
D/LightsService(  192): Post: ScreenOn(true), InCall(false), Lights Size(1), Pending Existing(false)
D/LedManagerService(  192): solid color(FFFF00) ...
W/LightsService(  192): Method(setColor), LightID(FIH), Color(0xFFFF00), Mode(FLASH_NONE), OnMS(0), OffMS(0)
D/WifiService(  192): BroadcastReceiver action=android.intent.action.SCREEN_ON
D/WifiService(  192): Set as DEFAULT_IDLE_MILLIS idleMillis=900000
D/WifiService(  192): ACTION_SCREEN_ON
E/WifiService(  192): Handle MESSAGE_UPDATE_STATE.
D/PowerManagerService(  192): acquireWakeLock flags=0x1 tag=*wifi*
E/WifiService(  192): Handle MESSAGE_ENABLE_WIFI.
E/WifiService(  192): Handle MESSAGE_START_WIFI.
D/PowerManagerService(  192): releaseWakeLock flags=0x1 tag=*wifi*
D/PowerManagerService(  192): acquireWakeLock flags=0x1 tag=RILJ
I/ONCRPC  (  157): Setup RPC Call for task 80219410
I/ONCRPC  (  157): oncrpc_xdr_call_msg_start: Prog: 30000000, Ver: 9cac4f71, Proc: 0000005a
I/ONCRPC  (  157): xdr_std_msg_send_call: Sent Xid: 488, Prog: 30000000, Ver: 9cac4f71, Proc: 0000005a
I/ONCRPC  (  157): xdr_std_msg_send_call: Received Reply Xid: 488, Prog: 30000000, Ver: 9cac4f71, Proc: 0000005a
I/ONCRPC  (  157): Setup RPC Call for task 80219410
I/ONCRPC  (  157): oncrpc_xdr_call_msg_start: Prog: 30000000, Ver: 9cac4f71, Proc: 0000005a
I/ONCRPC  (  157): xdr_std_msg_send_call: Sent Xid: 489, Prog: 30000000, Ver: 9cac4f71, Proc: 0000005a
I/ONCRPC  (  157): xdr_std_msg_send_call: Received Reply Xid: 489, Prog: 30000000, Ver: 9cac4f71, Proc: 0000005a
I/ONCRPC  (  157): Setup RPC Call for task 80219410
I/ONCRPC  (  157): oncrpc_xdr_call_msg_start: Prog: 30000000, Ver: 9cac4f71, Proc: 00000034
I/ONCRPC  (  157): xdr_std_msg_send_call: Sent Xid: 48a, Prog: 30000000, Ver: 9cac4f71, Proc: 00000034
I/ONCRPC  (  157): xdr_std_msg_send_call: Received Reply Xid: 48a, Prog: 30000000, Ver: 9cac4f71, Proc: 00000034
I/ONCRPC  (  157): rpc_handle_rpc_call: for Xid: c166, Prog: 31000000, Vers: fc37ad5c, Proc: 00000005
I/ONCRPC  (  157): rpc_handle_rpc_call: Find Status: 0 Xid: c166
I/ONCRPC  (  157): oncrpc_proxy_handle_cmd_rpc_call: Dispatching xid: c166
D/PowerManagerService(  192): releaseWakeLock flags=0x1 tag=RILJ
I/ONCRPC  (  157): rpc_handle_rpc_call: for Xid: c167, Prog: 31000000, Vers: fc37ad5c, Proc: 00000012
I/ONCRPC  (  157): rpc_handle_rpc_call: Find Status: 0 Xid: c167
I/ONCRPC  (  157): oncrpc_proxy_handle_cmd_rpc_call: Dispatching xid: c167
D/DATA    (  290): [DCT(0) ] intent received :android.intent.action.SCREEN_ON
D/DATA    (  290): [DCT(0) ] enable_always_on<1>
D/DATA    (  290): [DCT(0) ] Start poll NetStat <false>
I/ONCRPC  (  157): rpc_handle_rpc_call: for Xid: c168, Prog: 31000000, Vers: fc37ad5c, Proc: 00000012
I/ONCRPC  (  157): rpc_handle_rpc_call: Find Status: 0 Xid: c168
I/ONCRPC  (  157): oncrpc_proxy_handle_cmd_rpc_call: Dispatching xid: c168
I/ONCRPC  (  157): rpc_handle_rpc_call: for Xid: c169, Prog: 31000000, Vers: fc37ad5c, Proc: 00000012
I/ONCRPC  (  157): rpc_handle_rpc_call: Find Status: 0 Xid: c169
I/ONCRPC  (  157): oncrpc_proxy_handle_cmd_rpc_call: Dispatching xid: c169
D/IronNotifyLed(  382): receiving intent ... <android.intent.action.SCREEN_ON>
D/IronNotifyLed(  382): Domino-1.1 LED: fullBattery(X), LowBattery(X), LowBatteryCharging(X), charging(O), MissingCall(X), NewMsg(X), NewMail(X), ScreenON(O), 3rdPartyApps(X)
D/IronNotifyLed(  382): notifyLedAlwaysOn color : 16776960
D/IronNotifyLed(  382): Led state :isChargingOn 
D/LedManagerService(  192): solid color(FFFF00) ...
W/LightsService(  192): Method(setColor), LightID(FIH), Color(0xFFFF00), Mode(FLASH_NONE), OnMS(0), OffMS(0)
D/PowerManagerService(  192): acquireWakeLock flags=0x1 tag=Wakeful StateMachine: GeofencerStateMachine
D/PowerManagerService(  192): releaseWakeLock flags=0x1 tag=Wakeful StateMachine: GeofencerStateMachine
D/ServiceStateTracker(  290): signalStrength = 99, rssi = 255
D/ServiceStateTracker(  290): signalStrength = 99, rssi = 255
D/ServiceStateTracker(  290): signalStrength = 99, rssi = 255
D/DATA    (  290): [DSST(0)] pollstate() : reason = data network state changed
D/PowerManagerService(  192): acquireWakeLock flags=0x1 tag=RILJ
D/PowerManagerService(  192): acquireWakeLock flags=0x1 tag=RILJ
D/PowerManagerService(  192): acquireWakeLock flags=0x1 tag=RILJ
I/ONCRPC  (  157): Setup RPC Call for task 80219410
I/ONCRPC  (  157): oncrpc_xdr_call_msg_start: Prog: 3000000e, Ver: 00090001, Proc: 0000000a
I/ONCRPC  (  157): xdr_std_msg_send_call: Sent Xid: 48b, Prog: 3000000e, Ver: 00090001, Proc: 0000000a
I/ONCRPC  (  157): xdr_std_msg_send_call: Received Reply Xid: 48b, Prog: 3000000e, Ver: 00090001, Proc: 0000000a
D/PowerManagerService(  192): releaseWakeLock flags=0x1 tag=RILJ
D/WindowManager(  192): interceptKeyTq keycode=26 screenIsOn=true keyguardActive=true
W/InputDispatcher(  192): slateLogKey ro.SYSTEM_ENALBE_SLATE_DC_TEST propValue=true
W/InputDispatcher(  192): slateLogKey result=-1 iRes:0  keycode=26 state=1
I/InputDispatcher(  192): event_report_payload event_id=430 length:3  pEvent->length=14 pEvent->event_id.event_id_field.payload_len=3
E/InputDispatcher(  192): Event_report_payload: Failed to write keypress event to kernel, error = 5
I/TelephonyProvider(  290): MVNO = false, sim spn = "republic"
D/PowerManagerService(  192): releaseWakeLock flags=0x1 tag=sleep_broadcast
D/WindowManager(  192): interceptKeyBeforeQueueing keycode=26 action=1 flags=8 scanCode=116 policyFlags=33554433 screenIsOn=true mPolicy.interceptKeyBeforeQueueing=0
D/TelephonyProvider(  290): updated = 1, Setting numeric '31000' to be the current operator
I/FihConfig(  192): can not find this tag <DELAY_AIRPLANE>in the mUsedConfigData Array
I/FihConfig(  192): can not find this tag <DELAY_AIRPLANE>.) in the mAllConfigArray
I/GlobalActions(  192): onServiceStateChanged()- inAirplaneMode = false
I/TelephonyRegistry(  192): notifyServiceState: 0 home republic 1023111 1023111  1xRTT(subscription=0) CSS not supported 2 4106RoamInd: 1DefRoamInd: 1EmergOnly: falsechannel: 0
D/PollingManager(  327): phone state: 0 home republic 1023111 1023111  1xRTT(subscription=0) CSS not supported 2 4106RoamInd: 1DefRoamInd: 1EmergOnly: falsechannel: 0
D/ClientService(  357): checkInService, + state: 0 network type: 7
D/StatusBarPolicy(  262): updateSignalStrength,ServiceState: 0 home republic 1023111 1023111  1xRTT(subscription=0) CSS not supported 2 4106RoamInd: 1DefRoamInd: 1EmergOnly: falsechannel: 0 RadioTechnology: 6 isCDMA: true
V/StatusBarPolicy(  262): Cdma ROAMING_INDICATOR_OFF, removing ERI icon
D/StatusBarPolicy(  262): updateDataIcon mSimState: READY hasService=true mServiceState.getRadioTechnology(): 6 mDataState: 0
D/DATA    (  290): [DSST(0)] Poll ServiceState done: oldSS=[0 home null null null  1xRTT(subscription=0) CSS not supported -1 -1RoamInd: -1DefRoamInd: -1EmergOnly: falsechannel: 0] newSS=[0 home null null null  1xRTT(subscription=0) CSS not supported -1 -1RoamInd: -1DefRoamInd: -1EmergOnly: falsechannel: 0]
D/CallManager(  290):  handleMessage (EVENT_SERVICE_STATE_CHANGED)
D/ClientService(  357): State Change,  Roaming: false Emergency: 0 Service: true
D/PhoneApp(  290): PhoneAppBroadcastReceiver action=android.intent.action.SERVICE_STATE
D/StatusBarPolicy(  262): getRadioTechnology,oldValue: 6 newValue: 6
I/AirplaneModeToggle(  286): OnReceive :Intent { act=android.intent.action.SERVICE_STATE flg=0x20000000 cmp=com.motorola.togglewidgets/.AirplaneModeToggle (has extras) }
I/AirplaneModeToggle(  286): getServiceState.DISABLED_STATE
I/AirplaneModeToggle(  286): getServiceState.DISABLED_STATE
I/AirplaneModeToggle(  286): needDelay is true
I/AirplaneModeToggle(  286): UpdateWidget by component name, currentState:DISABLED_STATE
I/AirplaneModeToggle(  286): getLaunchPendingIntent needDelay:true
I/AirplaneModeToggle(  286): updateButtons
I/AirplaneModeToggle(  286): sleep 2s
D/SurfaceFlinger(  192): Screen about to return, flinger = 0x11e658
I/dun_service(  132): The value returned from dun_getusbmodemstate_fromsys is 1 
I/dun_service(  132): Post event 1
I/dun_service(  132): received event: DUN_EVENT_USB_UNPLUG 
I/dun_service(  132): received event(DUN_EVENT_USB_UNPLUG) in state(DUN_STATE_USB_UNPLUG)
I/dun_service(  132): Ignoring the event DUN_EVENT_USB_UNPLUG in USB_UNPLUG_STATE
I/dun_service(  132): Moved to state(DUN_STATE_USB_UNPLUG)
W/Vold    (  117): USB online = 1
D/PowerManagerService(  192): lightSensorChangedLocked 2
W/LightsService(  192): Method(setLightLocked), LightID(BUTTONS), Color(0xFF4B4B4B), Mode(FLASH_NONE), OnMS(0), OffMS(0)
W/LightsService(  192): Method(setLightLocked), LightID(KEYBOARD), Color(0xFF000000), Mode(FLASH_NONE), OnMS(0), OffMS(0)
D/BatteryService(  192): mForbidHalting[false] mForbidOTP[false]
D/BatteryService(  192): Post: Temp(280), Status(2), Health(2), Level(99), PlugType(2), AC(false), USB(true)
D/PowerManagerService(  192): lightSensorChangedLocked 0
I/InputDispatcher(  192): Sample 0 :(472.00, 296.00) => (472.00, 296.00)
W/InputDispatcher(  192): slateLogKey ro.SYSTEM_ENALBE_SLATE_DC_TEST propValue=true
W/InputDispatcher(  192): slateLogPenTapSaveToFile result=-1 iRes:0 x=472 y=296 state=0
I/InputDispatcher(  192): event_report_payload event_id=431 length:5  pEvent->length=16 pEvent->event_id.event_id_field.payload_len=3
E/InputDispatcher(  192): Event_report_payload: Failed to write keypress event to kernel, error = 5
D/InputTransport(  192): channel '40991be8 Keyguard (server)' publisher ~ publishMotionEvent: deviceId=65538, source=0x1002, action=0x0, flags=0x0, edgeFlags=0x0, metaState=0x0, xOffset=0.000000, yOffset=-38.000000, xPrecision=1.000000, yPrecision=1.000000, downTime=128602663336829, eventTime=128602663336829, pointerCount=1
V/ViewRoot(  192): Keyguard got MotionEvent{4091a6c0 action=0 x=472.0 y=258.0 pressure=1.0 size=0.0}
D/PowerManagerService(  192): userActivity mLastEventTime=128528082 time=128602663 mUserActivityAllowed=false mUserState=0x0 mWakeLockState=0x7 mProximitySensorActive=false timeoutOverride=-1 force=false
I/InputDispatcher(  192): Sample 0 :(470.00, 295.00) => (470.00, 295.00)
W/InputDispatcher(  192): slateLogKey ro.SYSTEM_ENALBE_SLATE_DC_TEST propValue=true
W/InputDispatcher(  192): slateLogPenTapSaveToFile result=-1 iRes:0 x=470 y=295 state=1
I/InputDispatcher(  192): event_report_payload event_id=431 length:5  pEvent->length=16 pEvent->event_id.event_id_field.payload_len=3
E/InputDispatcher(  192): Event_report_payload: Failed to write keypress event to kernel, error = 5
I/InputDispatcher(  192): Sample 0 :(468.00, 295.00) => (468.00, 295.00)
W/InputDispatcher(  192): slateLogKey ro.SYSTEM_ENALBE_SLATE_DC_TEST propValue=true
W/InputDispatcher(  192): slateLogPenTapSaveToFile result=-1 iRes:0 x=468 y=295 state=1
I/InputDispatcher(  192): event_report_payload event_id=431 length:5  pEvent->length=16 pEvent->event_id.event_id_field.payload_len=3
E/InputDispatcher(  192): Event_report_payload: Failed to write keypress event to kernel, error = 5
I/InputDispatcher(  192): Sample 0 :(463.00, 294.00) => (463.00, 294.00)
W/InputDispatcher(  192): slateLogKey ro.SYSTEM_ENALBE_SLATE_DC_TEST propValue=true
W/InputDispatcher(  192): slateLogPenTapSaveToFile result=-1 iRes:0 x=463 y=294 state=1
I/InputDispatcher(  192): event_report_payload event_id=431 length:5  pEvent->length=16 pEvent->event_id.event_id_field.payload_len=3
E/InputDispatcher(  192): Event_report_payload: Failed to write keypress event to kernel, error = 5
I/InputDispatcher(  192): Sample 0 :(448.00, 292.00) => (448.00, 292.00)
W/InputDispatcher(  192): slateLogKey ro.SYSTEM_ENALBE_SLATE_DC_TEST propValue=true
W/InputDispatcher(  192): slateLogPenTapSaveToFile result=-1 iRes:0 x=448 y=292 state=1
I/InputDispatcher(  192): event_report_payload event_id=431 length:5  pEvent->length=16 pEvent->event_id.event_id_field.payload_len=3
E/InputDispatcher(  192): Event_report_payload: Failed to write keypress event to kernel, error = 5
D/PowerManagerService(  192): acquireWakeLock flags=0x1000001a tag=keyguard
I/InputDispatcher(  192): Sample 0 :(424.00, 297.00) => (424.00, 297.00)
W/InputDispatcher(  192): slateLogKey ro.SYSTEM_ENALBE_SLATE_DC_TEST propValue=true
W/InputDispatcher(  192): slateLogPenTapSaveToFile result=-1 iRes:0 x=424 y=297 state=1
I/InputDispatcher(  192): event_report_payload event_id=431 length:5  pEvent->length=16 pEvent->event_id.event_id_field.payload_len=3
E/InputDispatcher(  192): Event_report_payload: Failed to write keypress event to kernel, error = 5
I/InputDispatcher(  192): Sample 0 :(414.00, 301.00) => (414.00, 301.00)
W/InputDispatcher(  192): slateLogKey ro.SYSTEM_ENALBE_SLATE_DC_TEST propValue=true
W/InputDispatcher(  192): slateLogPenTapSaveToFile result=-1 iRes:0 x=414 y=301 state=1
I/InputDispatcher(  192): event_report_payload event_id=431 length:5  pEvent->length=16 pEvent->event_id.event_id_field.payload_len=3
E/InputDispatcher(  192): Event_report_payload: Failed to write keypress event to kernel, error = 5
I/InputDispatcher(  192): Sample 0 :(383.00, 322.00) => (383.00, 322.00)
W/InputDispatcher(  192): slateLogKey ro.SYSTEM_ENALBE_SLATE_DC_TEST propValue=true
W/InputDispatcher(  192): slateLogPenTapSaveToFile result=-1 iRes:0 x=383 y=322 state=1
I/InputDispatcher(  192): event_report_payload event_id=431 length:5  pEvent->length=16 pEvent->event_id.event_id_field.payload_len=3
E/InputDispatcher(  192): Event_report_payload: Failed to write keypress event to kernel, error = 5
I/InputDispatcher(  192): Sample 0 :(377.00, 326.00) => (377.00, 326.00)
W/InputDispatcher(  192): slateLogKey ro.SYSTEM_ENALBE_SLATE_DC_TEST propValue=true
W/InputDispatcher(  192): slateLogPenTapSaveToFile result=-1 iRes:0 x=377 y=326 state=1
I/InputDispatcher(  192): event_report_payload event_id=431 length:5  pEvent->length=16 pEvent->event_id.event_id_field.payload_len=3
E/InputDispatcher(  192): Event_report_payload: Failed to write keypress event to kernel, error = 5
I/InputDispatcher(  192): Sample 0 :(359.00, 342.00) => (359.00, 342.00)
W/InputDispatcher(  192): slateLogKey ro.SYSTEM_ENALBE_SLATE_DC_TEST propValue=true
W/InputDispatcher(  192): slateLogPenTapSaveToFile result=-1 iRes:0 x=359 y=342 state=1
I/InputDispatcher(  192): event_report_payload event_id=431 length:5  pEvent->length=16 pEvent->event_id.event_id_field.payload_len=3
E/InputDispatcher(  192): Event_report_payload: Failed to write keypress event to kernel, error = 5
I/InputDispatcher(  192): Sample 0 :(340.00, 356.00) => (340.00, 356.00)
W/InputDispatcher(  192): slateLogKey ro.SYSTEM_ENALBE_SLATE_DC_TEST propValue=true
W/InputDispatcher(  192): slateLogPenTapSaveToFile result=-1 iRes:0 x=340 y=356 state=1
I/InputDispatcher(  192): event_report_payload event_id=431 length:5  pEvent->length=16 pEvent->event_id.event_id_field.payload_len=3
E/InputDispatcher(  192): Event_report_payload: Failed to write keypress event to kernel, error = 5
I/InputDispatcher(  192): Sample 0 :(324.00, 374.00) => (324.00, 374.00)
W/InputDispatcher(  192): slateLogKey ro.SYSTEM_ENALBE_SLATE_DC_TEST propValue=true
W/InputDispatcher(  192): slateLogPenTapSaveToFile result=-1 iRes:0 x=324 y=374 state=1
I/InputDispatcher(  192): event_report_payload event_id=431 length:5  pEvent->length=16 pEvent->event_id.event_id_field.payload_len=3
E/InputDispatcher(  192): Event_report_payload: Failed to write keypress event to kernel, error = 5
I/InputDispatcher(  192): Sample 0 :(308.00, 394.00) => (308.00, 394.00)
W/InputDispatcher(  192): slateLogKey ro.SYSTEM_ENALBE_SLATE_DC_TEST propValue=true
W/InputDispatcher(  192): slateLogPenTapSaveToFile result=-1 iRes:0 x=308 y=394 state=1
I/InputDispatcher(  192): event_report_payload event_id=431 length:5  pEvent->length=16 pEvent->event_id.event_id_field.payload_len=3
E/InputDispatcher(  192): Event_report_payload: Failed to write keypress event to kernel, error = 5
I/InputDispatcher(  192): Sample 0 :(291.00, 417.00) => (291.00, 417.00)
W/InputDispatcher(  192): slateLogKey ro.SYSTEM_ENALBE_SLATE_DC_TEST propValue=true
W/InputDispatcher(  192): slateLogPenTapSaveToFile result=-1 iRes:0 x=291 y=417 state=1
I/InputDispatcher(  192): event_report_payload event_id=431 length:5  pEvent->length=16 pEvent->event_id.event_id_field.payload_len=3
E/InputDispatcher(  192): Event_report_payload: Failed to write keypress event to kernel, error = 5
I/InputDispatcher(  192): Sample 0 :(284.00, 426.00) => (284.00, 426.00)
W/InputDispatcher(  192): slateLogKey ro.SYSTEM_ENALBE_SLATE_DC_TEST propValue=true
W/InputDispatcher(  192): slateLogPenTapSaveToFile result=-1 iRes:0 x=284 y=426 state=1
I/InputDispatcher(  192): event_report_payload event_id=431 length:5  pEvent->length=16 pEvent->event_id.event_id_field.payload_len=3
E/InputDispatcher(  192): Event_report_payload: Failed to write keypress event to kernel, error = 5
D/PowerManagerService(  192): userActivity mLastEventTime=128602663 time=128602976 mUserActivityAllowed=false mUserState=0x0 mWakeLockState=0x7 mProximitySensorActive=false timeoutOverride=-1 force=false
I/InputDispatcher(  192): Sample 0 :(277.00, 440.00) => (277.00, 440.00)
W/InputDispatcher(  192): slateLogKey ro.SYSTEM_ENALBE_SLATE_DC_TEST propValue=true
W/InputDispatcher(  192): slateLogPenTapSaveToFile result=-1 iRes:0 x=277 y=440 state=1
I/InputDispatcher(  192): event_report_payload event_id=431 length:5  pEvent->length=16 pEvent->event_id.event_id_field.payload_len=3
E/InputDispatcher(  192): Event_report_payload: Failed to write keypress event to kernel, error = 5
D/PowerManagerService(  192): acquireWakeLock flags=0x1000001a tag=keyguard
I/InputDispatcher(  192): Sample 0 :(273.00, 449.00) => (273.00, 449.00)
W/InputDispatcher(  192): slateLogKey ro.SYSTEM_ENALBE_SLATE_DC_TEST propValue=true
W/InputDispatcher(  192): slateLogPenTapSaveToFile result=-1 iRes:0 x=273 y=449 state=1
I/InputDispatcher(  192): event_report_payload event_id=431 length:5  pEvent->length=16 pEvent->event_id.event_id_field.payload_len=3
E/InputDispatcher(  192): Event_report_payload: Failed to write keypress event to kernel, error = 5
I/InputDispatcher(  192): Sample 0 :(271.00, 452.00) => (271.00, 452.00)
W/InputDispatcher(  192): slateLogKey ro.SYSTEM_ENALBE_SLATE_DC_TEST propValue=true
W/InputDispatcher(  192): slateLogPenTapSaveToFile result=-1 iRes:0 x=271 y=452 state=1
I/InputDispatcher(  192): event_report_payload event_id=431 length:5  pEvent->length=16 pEvent->event_id.event_id_field.payload_len=3
E/InputDispatcher(  192): Event_report_payload: Failed to write keypress event to kernel, error = 5
I/InputDispatcher(  192): Sample 0 :(269.00, 455.00) => (269.00, 455.00)
W/InputDispatcher(  192): slateLogKey ro.SYSTEM_ENALBE_SLATE_DC_TEST propValue=true
W/InputDispatcher(  192): slateLogPenTapSaveToFile result=-1 iRes:0 x=269 y=455 state=1
I/InputDispatcher(  192): event_report_payload event_id=431 length:5  pEvent->length=16 pEvent->event_id.event_id_field.payload_len=3
E/InputDispatcher(  192): Event_report_payload: Failed to write keypress event to kernel, error = 5
I/InputDispatcher(  192): Sample 0 :(267.00, 461.00) => (267.00, 461.00)
W/InputDispatcher(  192): slateLogKey ro.SYSTEM_ENALBE_SLATE_DC_TEST propValue=true
W/InputDispatcher(  192): slateLogPenTapSaveToFile result=-1 iRes:0 x=267 y=461 state=1
I/InputDispatcher(  192): event_report_payload event_id=431 length:5  pEvent->length=16 pEvent->event_id.event_id_field.payload_len=3
E/InputDispatcher(  192): Event_report_payload: Failed to write keypress event to kernel, error = 5
I/InputDispatcher(  192): Sample 0 :(266.00, 465.00) => (266.00, 465.00)
W/InputDispatcher(  192): slateLogKey ro.SYSTEM_ENALBE_SLATE_DC_TEST propValue=true
W/InputDispatcher(  192): slateLogPenTapSaveToFile result=-1 iRes:0 x=266 y=465 state=1
I/InputDispatcher(  192): event_report_payload event_id=431 length:5  pEvent->length=16 pEvent->event_id.event_id_field.payload_len=3
E/InputDispatcher(  192): Event_report_payload: Failed to write keypress event to kernel, error = 5
I/InputDispatcher(  192): Sample 0 :(270.00, 470.00) => (270.00, 470.00)
W/InputDispatcher(  192): slateLogKey ro.SYSTEM_ENALBE_SLATE_DC_TEST propValue=true
W/InputDispatcher(  192): slateLogPenTapSaveToFile result=-1 iRes:0 x=270 y=470 state=1
I/InputDispatcher(  192): event_report_payload event_id=431 length:5  pEvent->length=16 pEvent->event_id.event_id_field.payload_len=3
E/InputDispatcher(  192): Event_report_payload: Failed to write keypress event to kernel, error = 5
I/InputDispatcher(  192): Sample 0 :(305.00, 494.00) => (305.00, 494.00)
W/InputDispatcher(  192): slateLogKey ro.SYSTEM_ENALBE_SLATE_DC_TEST propValue=true
W/InputDispatcher(  192): slateLogPenTapSaveToFile result=-1 iRes:0 x=305 y=494 state=1
I/InputDispatcher(  192): event_report_payload event_id=431 length:5  pEvent->length=16 pEvent->event_id.event_id_field.payload_len=3
E/InputDispatcher(  192): Event_report_payload: Failed to write keypress event to kernel, error = 5
I/InputDispatcher(  192): Sample 0 :(339.00, 514.00) => (339.00, 514.00)
W/InputDispatcher(  192): slateLogKey ro.SYSTEM_ENALBE_SLATE_DC_TEST propValue=true
W/InputDispatcher(  192): slateLogPenTapSaveToFile result=-1 iRes:0 x=339 y=514 state=1
I/InputDispatcher(  192): event_report_payload event_id=431 length:5  pEvent->length=16 pEvent->event_id.event_id_field.payload_len=3
E/InputDispatcher(  192): Event_report_payload: Failed to write keypress event to kernel, error = 5
I/InputDispatcher(  192): Sample 0 :(370.00, 542.00) => (370.00, 542.00)
W/InputDispatcher(  192): slateLogKey ro.SYSTEM_ENALBE_SLATE_DC_TEST propValue=true
W/InputDispatcher(  192): slateLogPenTapSaveToFile result=-1 iRes:0 x=370 y=542 state=1
I/InputDispatcher(  192): event_report_payload event_id=431 length:5  pEvent->length=16 pEvent->event_id.event_id_field.payload_len=3
E/InputDispatcher(  192): Event_report_payload: Failed to write keypress event to kernel, error = 5
I/InputDispatcher(  192): Sample 0 :(401.00, 568.00) => (401.00, 568.00)
W/InputDispatcher(  192): slateLogKey ro.SYSTEM_ENALBE_SLATE_DC_TEST propValue=true
W/InputDispatcher(  192): slateLogPenTapSaveToFile result=-1 iRes:0 x=401 y=568 state=1
I/InputDispatcher(  192): event_report_payload event_id=431 length:5  pEvent->length=16 pEvent->event_id.event_id_field.payload_len=3
E/InputDispatcher(  192): Event_report_payload: Failed to write keypress event to kernel, error = 5
I/InputDispatcher(  192): Sample 0 :(438.00, 626.00) => (438.00, 626.00)
W/InputDispatcher(  192): slateLogKey ro.SYSTEM_ENALBE_SLATE_DC_TEST propValue=true
W/InputDispatcher(  192): slateLogPenTapSaveToFile result=-1 iRes:0 x=438 y=626 state=1
I/InputDispatcher(  192): event_report_payload event_id=431 length:5  pEvent->length=16 pEvent->event_id.event_id_field.payload_len=3
E/InputDispatcher(  192): Event_report_payload: Failed to write keypress event to kernel, error = 5
D/PowerManagerService(  192): acquireWakeLock flags=0x1000001a tag=keyguard
I/InputDispatcher(  192): Sample 0 :(458.00, 643.00) => (458.00, 643.00)
W/InputDispatcher(  192): slateLogKey ro.SYSTEM_ENALBE_SLATE_DC_TEST propValue=true
W/InputDispatcher(  192): slateLogPenTapSaveToFile result=-1 iRes:0 x=458 y=643 state=1
I/InputDispatcher(  192): event_report_payload event_id=431 length:5  pEvent->length=16 pEvent->event_id.event_id_field.payload_len=3
E/InputDispatcher(  192): Event_report_payload: Failed to write keypress event to kernel, error = 5
I/InputDispatcher(  192): Sample 0 :(460.00, 645.00) => (460.00, 645.00)
W/InputDispatcher(  192): slateLogKey ro.SYSTEM_ENALBE_SLATE_DC_TEST propValue=true
W/InputDispatcher(  192): slateLogPenTapSaveToFile result=-1 iRes:0 x=460 y=645 state=1
I/InputDispatcher(  192): event_report_payload event_id=431 length:5  pEvent->length=16 pEvent->event_id.event_id_field.payload_len=3
E/InputDispatcher(  192): Event_report_payload: Failed to write keypress event to kernel, error = 5
I/InputDispatcher(  192): Sample 0 :(459.00, 645.00) => (459.00, 645.00)
W/InputDispatcher(  192): slateLogKey ro.SYSTEM_ENALBE_SLATE_DC_TEST propValue=true
W/InputDispatcher(  192): slateLogPenTapSaveToFile result=-1 iRes:0 x=459 y=645 state=1
I/InputDispatcher(  192): event_report_payload event_id=431 length:5  pEvent->length=16 pEvent->event_id.event_id_field.payload_len=3
E/InputDispatcher(  192): Event_report_payload: Failed to write keypress event to kernel, error = 5
I/InputDispatcher(  192): Sample 0 :(458.00, 644.00) => (458.00, 644.00)
W/InputDispatcher(  192): slateLogKey ro.SYSTEM_ENALBE_SLATE_DC_TEST propValue=true
W/InputDispatcher(  192): slateLogPenTapSaveToFile result=-1 iRes:0 x=458 y=644 state=1
I/InputDispatcher(  192): event_report_payload event_id=431 length:5  pEvent->length=16 pEvent->event_id.event_id_field.payload_len=3
E/InputDispatcher(  192): Event_report_payload: Failed to write keypress event to kernel, error = 5
I/InputDispatcher(  192): Sample 0 :(446.00, 629.00) => (446.00, 629.00)
W/InputDispatcher(  192): slateLogKey ro.SYSTEM_ENALBE_SLATE_DC_TEST propValue=true
W/InputDispatcher(  192): slateLogPenTapSaveToFile result=-1 iRes:0 x=446 y=629 state=1
I/InputDispatcher(  192): event_report_payload event_id=431 length:5  pEvent->length=16 pEvent->event_id.event_id_field.payload_len=3
E/InputDispatcher(  192): Event_report_payload: Failed to write keypress event to kernel, error = 5
I/InputDispatcher(  192): Sample 0 :(436.00, 608.00) => (436.00, 608.00)
W/InputDispatcher(  192): slateLogKey ro.SYSTEM_ENALBE_SLATE_DC_TEST propValue=true
W/InputDispatcher(  192): slateLogPenTapSaveToFile result=-1 iRes:0 x=436 y=608 state=1
I/InputDispatcher(  192): event_report_payload event_id=431 length:5  pEvent->length=16 pEvent->event_id.event_id_field.payload_len=3
E/InputDispatcher(  192): Event_report_payload: Failed to write keypress event to kernel, error = 5
I/InputDispatcher(  192): Sample 0 :(434.00, 592.00) => (434.00, 592.00)
W/InputDispatcher(  192): slateLogKey ro.SYSTEM_ENALBE_SLATE_DC_TEST propValue=true
W/InputDispatcher(  192): slateLogPenTapSaveToFile result=-1 iRes:0 x=434 y=592 state=1
I/InputDispatcher(  192): event_report_payload event_id=431 length:5  pEvent->length=16 pEvent->event_id.event_id_field.payload_len=3
E/InputDispatcher(  192): Event_report_payload: Failed to write keypress event to kernel, error = 5
I/InputDispatcher(  192): Sample 0 :(432.00, 583.00) => (432.00, 583.00)
W/InputDispatcher(  192): slateLogKey ro.SYSTEM_ENALBE_SLATE_DC_TEST propValue=true
W/InputDispatcher(  192): slateLogPenTapSaveToFile result=-1 iRes:0 x=432 y=583 state=1
I/InputDispatcher(  192): event_report_payload event_id=431 length:5  pEvent->length=16 pEvent->event_id.event_id_field.payload_len=3
E/InputDispatcher(  192): Event_report_payload: Failed to write keypress event to kernel, error = 5
I/InputDispatcher(  192): Sample 0 :(430.00, 573.00) => (430.00, 573.00)
W/InputDispatcher(  192): slateLogKey ro.SYSTEM_ENALBE_SLATE_DC_TEST propValue=true
W/InputDispatcher(  192): slateLogPenTapSaveToFile result=-1 iRes:0 x=430 y=573 state=1
I/InputDispatcher(  192): event_report_payload event_id=431 length:5  pEvent->length=16 pEvent->event_id.event_id_field.payload_len=3
E/InputDispatcher(  192): Event_report_payload: Failed to write keypress event to kernel, error = 5
I/InputDispatcher(  192): Sample 0 :(427.00, 552.00) => (427.00, 552.00)
W/InputDispatcher(  192): slateLogKey ro.SYSTEM_ENALBE_SLATE_DC_TEST propValue=true
W/InputDispatcher(  192): slateLogPenTapSaveToFile result=-1 iRes:0 x=427 y=552 state=1
I/InputDispatcher(  192): event_report_payload event_id=431 length:5  pEvent->length=16 pEvent->event_id.event_id_field.payload_len=3
E/InputDispatcher(  192): Event_report_payload: Failed to write keypress event to kernel, error = 5
I/InputDispatcher(  192): Sample 0 :(425.00, 530.00) => (425.00, 530.00)
W/InputDispatcher(  192): slateLogKey ro.SYSTEM_ENALBE_SLATE_DC_TEST propValue=true
W/InputDispatcher(  192): slateLogPenTapSaveToFile result=-1 iRes:0 x=425 y=530 state=1
I/InputDispatcher(  192): event_report_payload event_id=431 length:5  pEvent->length=16 pEvent->event_id.event_id_field.payload_len=3
E/InputDispatcher(  192): Event_report_payload: Failed to write keypress event to kernel, error = 5
I/InputDispatcher(  192): Sample 0 :(425.00, 520.00) => (425.00, 520.00)
W/InputDispatcher(  192): slateLogKey ro.SYSTEM_ENALBE_SLATE_DC_TEST propValue=true
W/InputDispatcher(  192): slateLogPenTapSaveToFile result=-1 iRes:0 x=425 y=520 state=1
I/InputDispatcher(  192): event_report_payload event_id=431 length:5  pEvent->length=16 pEvent->event_id.event_id_field.payload_len=3
E/InputDispatcher(  192): Event_report_payload: Failed to write keypress event to kernel, error = 5
D/PowerManagerService(  192): userActivity mLastEventTime=128602976 time=128603482 mUserActivityAllowed=false mUserState=0x0 mWakeLockState=0x7 mProximitySensorActive=false timeoutOverride=-1 force=false
I/InputDispatcher(  192): Sample 0 :(424.00, 509.00) => (424.00, 509.00)
W/InputDispatcher(  192): slateLogKey ro.SYSTEM_ENALBE_SLATE_DC_TEST propValue=true
W/InputDispatcher(  192): slateLogPenTapSaveToFile result=-1 iRes:0 x=424 y=509 state=1
I/InputDispatcher(  192): event_report_payload event_id=431 length:5  pEvent->length=16 pEvent->event_id.event_id_field.payload_len=3
E/InputDispatcher(  192): Event_report_payload: Failed to write keypress event to kernel, error = 5
D/PowerManagerService(  192): acquireWakeLock flags=0x1000001a tag=keyguard
I/InputDispatcher(  192): Sample 0 :(423.00, 500.00) => (423.00, 500.00)
W/InputDispatcher(  192): slateLogKey ro.SYSTEM_ENALBE_SLATE_DC_TEST propValue=true
W/InputDispatcher(  192): slateLogPenTapSaveToFile result=-1 iRes:0 x=423 y=500 state=1
I/InputDispatcher(  192): event_report_payload event_id=431 length:5  pEvent->length=16 pEvent->event_id.event_id_field.payload_len=3
E/InputDispatcher(  192): Event_report_payload: Failed to write keypress event to kernel, error = 5
I/InputDispatcher(  192): Sample 0 :(422.00, 477.00) => (422.00, 477.00)
W/InputDispatcher(  192): slateLogKey ro.SYSTEM_ENALBE_SLATE_DC_TEST propValue=true
W/InputDispatcher(  192): slateLogPenTapSaveToFile result=-1 iRes:0 x=422 y=477 state=1
I/InputDispatcher(  192): event_report_payload event_id=431 length:5  pEvent->length=16 pEvent->event_id.event_id_field.payload_len=3
E/InputDispatcher(  192): Event_report_payload: Failed to write keypress event to kernel, error = 5
I/InputDispatcher(  192): Sample 0 :(423.00, 464.00) => (423.00, 464.00)
W/InputDispatcher(  192): slateLogKey ro.SYSTEM_ENALBE_SLATE_DC_TEST propValue=true
W/InputDispatcher(  192): slateLogPenTapSaveToFile result=-1 iRes:0 x=423 y=464 state=2
I/InputDispatcher(  192): event_report_payload event_id=431 length:5  pEvent->length=16 pEvent->event_id.event_id_field.payload_len=3
E/InputDispatcher(  192): Event_report_payload: Failed to write keypress event to kernel, error = 5
D/InputTransport(  192): channel '40991be8 Keyguard (server)' publisher ~ publishMotionEvent: deviceId=65538, source=0x1002, action=0x1, flags=0x0, edgeFlags=0x0, metaState=0x0, xOffset=0.000000, yOffset=-38.000000, xPrecision=1.000000, yPrecision=1.000000, downTime=128602663336829, eventTime=128603583060163, pointerCount=1
V/ViewRoot(  192): Keyguard got MotionEvent{4091a6c0 action=1 x=423.0 y=426.0 pressure=1.0 size=0.0}
D/UnlockScreen(  192): I Have Add a condition to the frameword(isPatternLockTimeOut)false
D/PowerManagerService(  192): userActivity mLastEventTime=128603482 time=128603583 mUserActivityAllowed=false mUserState=0x0 mWakeLockState=0x7 mProximitySensorActive=false timeoutOverride=-1 force=false
D/PowerManagerService(  192): updateLightsLocked - 33
D/PowerManagerService(  192): userActivity mLastEventTime=128603583 time=128603629 mUserActivityAllowed=true mUserState=0x0 mWakeLockState=0x7 mProximitySensorActive=false timeoutOverride=-1 force=false
D/PowerManagerService(  192): setTimeoutLocked now=128603629 timeoutOverride=-1 nextState=3 when=128609629
D/PowerManagerService(  192): releaseWakeLock flags=0x1000001a tag=keyguard
D/PowerManagerService(  192): setPowerState: mPowerState=7 newState=3 noChangeLights=false
D/PowerManagerService(  192):   oldKeyboardBright=false newKeyboardBright=false
D/PowerManagerService(  192):   oldScreenBright=true newScreenBright=true
D/PowerManagerService(  192):   oldButtonBright=true newButtonBright=false
D/PowerManagerService(  192):   oldScreenOn=true newScreenOn=true
D/PowerManagerService(  192):   oldBatteryLow=false newBatteryLow=false
D/WindowManager(  192): Input focus has changed to null
V/WindowManager(  192): Found focus @ 6 = Window{40cc09b8 cc.gilmore.todo/cc.gilmore.todo.activity.SimpleTodoActivity paused=false}
D/WindowManager(  192): Input focus has changed to Window{40cc09b8 cc.gilmore.todo/cc.gilmore.todo.activity.SimpleTodoActivity paused=false}
I/ActivityManager(  192): Displayed cc.gilmore.todo/.activity.SimpleTodoActivity: +16s898ms (total +24m23s221ms)
D/InputQueue(  192): Unregistering input channel '40c5bb48 Starting cc.gilmore.todo (client)'
V/WindowManager(  192): Found focus @ 6 = Window{40cc09b8 cc.gilmore.todo/cc.gilmore.todo.activity.SimpleTodoActivity paused=false}
I/FihConfig(28665): can not find this tag <SYSTEM_CUST_HANDWRITING>in the mUsedConfigData Array
V/WindowManager(  192): Desired input method target=Window{40cc09b8 cc.gilmore.todo/cc.gilmore.todo.activity.SimpleTodoActivity paused=false} willMove=false
D/Swype   (  276): inputMethodInit()
I/AirplaneModeToggle(  286): UpdateWidget by component name, currentState:DISABLED_STATE
I/AirplaneModeToggle(  286): getLaunchPendingIntent needDelay:false
I/AirplaneModeToggle(  286): updateButtons
V/WindowManager(  192): Found focus @ 6 = Window{40cc09b8 cc.gilmore.todo/cc.gilmore.todo.activity.SimpleTodoActivity paused=false}
V/WindowManager(  192): Desired input method target=Window{40cc09b8 cc.gilmore.todo/cc.gilmore.todo.activity.SimpleTodoActivity paused=false} willMove=true
I/ApkLockScreen(  192): onPause()
I/ApkLockScreen(  192): cleanUp()
D/UnlockView(  192): onDetachedFromWindow
I/tea     (  192): kill one
I/DateLabel(  192): DateLabel onDetachedFromWindow()
D/FihLockScreen(  192): onDetachedFromWindow
I/tea     (  192): kill one
I/tea     (  192): kill one
D/UnlockView(  192): onDetachedFromWindow
I/tea     (  192): kill one
W/System.err(  192): java.lang.IllegalArgumentException: Receiver not registered: com.fihtdc.lockscreen.KeyguardUpdateMonitor$3@40a02120
W/System.err(  192): 	at android.app.LoadedApk.forgetReceiverDispatcher(LoadedApk.java:610)
W/System.err(  192): 	at android.app.ContextImpl.unregisterReceiver(ContextImpl.java:823)
W/System.err(  192): 	at com.fihtdc.lockscreen.KeyguardUpdateMonitor.removeCallback(KeyguardUpdateMonitor.java:486)
W/System.err(  192): 	at com.fihtdc.lockscreen.CarrierLabel.onDetachedFromWindow(CarrierLabel.java:69)
W/System.err(  192): 	at android.view.View.dispatchDetachedFromWindow(View.java:6186)
W/System.err(  192): 	at android.view.ViewGroup.dispatchDetachedFromWindow(ViewGroup.java:1303)
W/System.err(  192): 	at android.view.ViewGroup.removeAllViewsInLayout(ViewGroup.java:2443)
W/System.err(  192): 	at android.view.ViewGroup.removeAllViews(ViewGroup.java:2401)
W/System.err(  192): 	at com.fihtdc.lockscreen.FihLockScreen.onDetachedFromWindow(FihLockScreen.java:97)
W/System.err(  192): 	at android.view.View.dispatchDetachedFromWindow(View.java:6186)
W/System.err(  192): 	at android.view.ViewGroup.dispatchDetachedFromWindow(ViewGroup.java:1305)
W/System.err(  192): 	at android.view.ViewGroup.removeAllViewsInLayout(ViewGroup.java:2443)
W/System.err(  192): 	at android.view.ViewGroup.removeAllViews(ViewGroup.java:2401)
W/System.err(  192): 	at com.android.internal.policy.impl.FihApkLockScreen.cleanUp(FihApkLockScreen.java:160)
W/System.err(  192): 	at com.android.internal.policy.impl.LockPatternKeyguardView.cleanUp(LockPatternKeyguardView.java:511)
W/System.err(  192): 	at com.android.internal.policy.impl.KeyguardViewManager$1.run(KeyguardViewManager.java:266)
W/System.err(  192): 	at android.os.Handler.handleCallback(Handler.java:587)
W/System.err(  192): 	at android.os.Handler.dispatchMessage(Handler.java:92)
W/System.err(  192): 	at android.os.Looper.loop(Looper.java:130)
W/System.err(  192): 	at com.android.server.WindowManagerService$PolicyThread.run(WindowManagerService.java:639)
D/dalvikvm(  276): GC_EXTERNAL_ALLOC freed 799K, 56% free 3390K/7623K, external 8025K/8378K, paused 92ms
D/dalvikvm(  192): GC_EXPLICIT freed 1628K, 34% free 8425K/12743K, external 6912K/7719K, paused 183ms
D/LowMemoryDialogActivity(  451): Intent: LowMemory
W/LowMemoryDialogActivity(  451): FreeMem = 42487808; ThresholdMem = 40671640
V/WifiStateTracker(  192): handleMessage(): msg.what= 8
D/StatusBarPolicy(  262): updateWifi: android.net.wifi.RSSI_CHANGED : wifi state: 4 supplicant connected: false
D/StatusBarPolicy(  262): updateWifi RSSI_CHANGED_ACTION newRssi:-65 newSignalLevel: 2 mLastWifiSignalLevel: 1
D/ServiceStateTracker(  290): signalStrength = 99, rssi = 255
I/ONCRPC  (  157): rpc_handle_rpc_call: for Xid: c16d, Prog: 31000000, Vers: fc37ad5c, Proc: 00000012
I/ONCRPC  (  157): rpc_handle_rpc_call: Find Status: 0 Xid: c16d
I/ONCRPC  (  157): oncrpc_proxy_handle_cmd_rpc_call: Dispatching xid: c16d
D/SlateService(  192): onSignalStrengthsChanged:SignalStrength: 99 99 255 -124 -190 -120 -1 -1 99 2147483647 -32767 2147483647 -32767 cdma
D/StatusBarPolicy(  262): updateSignalStrength,ServiceState: 0 home republic 1023111 1023111  1xRTT(subscription=0) CSS not supported 2 4106RoamInd: 1DefRoamInd: 1EmergOnly: falsechannel: 0 RadioTechnology: 6 isCDMA: true
D/ServiceStateTracker(  290): signalStrength = 99, rssi = 255
I/ONCRPC  (  157): rpc_handle_rpc_call: for Xid: c16f, Prog: 31000000, Vers: fc37ad5c, Proc: 00000012
I/ONCRPC  (  157): rpc_handle_rpc_call: Find Status: 0 Xid: c16f
I/ONCRPC  (  157): oncrpc_proxy_handle_cmd_rpc_call: Dispatching xid: c16f
D/StatusBarPolicy(  262): updateSignalStrength,ServiceState: 0 home republic 1023111 1023111  1xRTT(subscription=0) CSS not supported 2 4106RoamInd: 1DefRoamInd: 1EmergOnly: falsechannel: 0 RadioTechnology: 6 isCDMA: true
D/SlateService(  192): onSignalStrengthsChanged:SignalStrength: 99 99 255 -123 -170 -120 -1 -1 99 2147483647 -32767 2147483647 -32767 cdma
I/ONCRPC  (  157): rpc_handle_rpc_call: for Xid: c170, Prog: 31000000, Vers: fc37ad5c, Proc: 00000012
I/ONCRPC  (  157): rpc_handle_rpc_call: Find Status: 0 Xid: c170
I/ONCRPC  (  157): oncrpc_proxy_handle_cmd_rpc_call: Dispatching xid: c170
D/PowerManagerService(  192): acquireWakeLock flags=0x1 tag=RILJ
D/PowerManagerService(  192): acquireWakeLock flags=0x1 tag=RILJ
D/ServiceStateTracker(  290): signalStrength = 99, rssi = 255
D/DATA    (  290): [DSST(0)] pollstate() : reason = data network state changed
I/ONCRPC  (  157): Setup RPC Call for task 80219410
I/ONCRPC  (  157): oncrpc_xdr_call_msg_start: Prog: 3000000e, Ver: 00090001, Proc: 0000000a
I/ONCRPC  (  157): xdr_std_msg_send_call: Sent Xid: 48c, Prog: 3000000e, Ver: 00090001, Proc: 0000000a
I/ONCRPC  (  157): xdr_std_msg_send_call: Received Reply Xid: 48c, Prog: 3000000e, Ver: 00090001, Proc: 0000000a
D/PowerManagerService(  192): releaseWakeLock flags=0x1 tag=RILJ
D/PowerManagerService(  192): acquireWakeLock flags=0x1 tag=RILJ
D/PowerManagerService(  192): releaseWakeLock flags=0x1 tag=RILJ
I/TelephonyProvider(  290): MVNO = false, sim spn = "republic"
D/TelephonyProvider(  290): updated = 1, Setting numeric '31000' to be the current operator
I/FihConfig(  192): can not find this tag <DELAY_AIRPLANE>in the mUsedConfigData Array
I/FihConfig(  192): can not find this tag <DELAY_AIRPLANE>.) in the mAllConfigArray
I/GlobalActions(  192): onServiceStateChanged()- inAirplaneMode = false
D/PollingManager(  327): phone state: 0 home republic 1023111 1023111  1xRTT(subscription=0) CSS not supported 2 4106RoamInd: 1DefRoamInd: 1EmergOnly: falsechannel: 0
D/ClientService(  357): checkInService, + state: 0 network type: 7
D/ClientService(  357): State Change,  Roaming: false Emergency: 0 Service: true
I/TelephonyRegistry(  192): notifyServiceState: 0 home republic 1023111 1023111  1xRTT(subscription=0) CSS not supported 2 4106RoamInd: 1DefRoamInd: 1EmergOnly: falsechannel: 0
D/StatusBarPolicy(  262): updateSignalStrength,ServiceState: 0 home republic 1023111 1023111  1xRTT(subscription=0) CSS not supported 2 4106RoamInd: 1DefRoamInd: 1EmergOnly: falsechannel: 0 RadioTechnology: 6 isCDMA: true
V/StatusBarPolicy(  262): Cdma ROAMING_INDICATOR_OFF, removing ERI icon
D/StatusBarPolicy(  262): updateDataIcon mSimState: READY hasService=true mServiceState.getRadioTechnology(): 6 mDataState: 0
D/StatusBarPolicy(  262): getRadioTechnology,oldValue: 6 newValue: 6
I/AirplaneModeToggle(  286): OnReceive :Intent { act=android.intent.action.SERVICE_STATE flg=0x20000000 cmp=com.motorola.togglewidgets/.AirplaneModeToggle (has extras) }
I/AirplaneModeToggle(  286): getServiceState.DISABLED_STATE
I/AirplaneModeToggle(  286): getServiceState.DISABLED_STATE
I/AirplaneModeToggle(  286): needDelay is true
I/AirplaneModeToggle(  286): UpdateWidget by component name, currentState:DISABLED_STATE
I/AirplaneModeToggle(  286): getLaunchPendingIntent needDelay:true
D/DATA    (  290): [DSST(0)] Poll ServiceState done: oldSS=[0 home null null null  1xRTT(subscription=0) CSS not supported -1 -1RoamInd: -1DefRoamInd: -1EmergOnly: falsechannel: 0] newSS=[0 home null null null  1xRTT(subscription=0) CSS not supported -1 -1RoamInd: -1DefRoamInd: -1EmergOnly: falsechannel: 0]
D/CallManager(  290):  handleMessage (EVENT_SERVICE_STATE_CHANGED)
D/PhoneApp(  290): PhoneAppBroadcastReceiver action=android.intent.action.SERVICE_STATE
I/AirplaneModeToggle(  286): updateButtons
I/AirplaneModeToggle(  286): sleep 2s
D/WindowManager(  192): interceptKeyTq keycode=26 screenIsOn=true keyguardActive=false
D/WindowManager(  192): mEndcallBehavior:2 mIncallPowerBehavior:2
D/WindowManager(  192): mIncallPowerBehavior & Settings.Secure.INCALL_POWER_BUTTON_BEHAVIOR_HANGUP2
W/InputDispatcher(  192): slateLogKey ro.SYSTEM_ENALBE_SLATE_DC_TEST propValue=true
W/InputDispatcher(  192): slateLogKey result=-1 iRes:0  keycode=26 state=0
I/InputDispatcher(  192): event_report_payload event_id=430 length:3  pEvent->length=14 pEvent->event_id.event_id_field.payload_len=3
E/InputDispatcher(  192): Event_report_payload: Failed to write keypress event to kernel, error = 5
D/WindowManager(  192): interceptKeyBeforeQueueing keycode=26 action=0 flags=8 scanCode=116 policyFlags=33554433 screenIsOn=true mPolicy.interceptKeyBeforeQueueing=0
D/WindowManager(  192): interceptKeyTq keycode=26 screenIsOn=true keyguardActive=false
D/PowerManagerService(  192): updateLightsLocked - 33
D/PowerManagerService(  192): updateLightsLocked: 0, 0, 3, 0, 0
W/InputDispatcher(  192): slateLogKey ro.SYSTEM_ENALBE_SLATE_DC_TEST propValue=true
W/InputDispatcher(  192): slateLogKey result=-1 iRes:0  keycode=26 state=1
I/InputDispatcher(  192): event_report_payload event_id=430 length:3  pEvent->length=14 pEvent->event_id.event_id_field.payload_len=3
E/InputDispatcher(  192): Event_report_payload: Failed to write keypress event to kernel, error = 5
D/PowerManagerService(  192): setScreenStateLocked on=false mDoneBooting=true
I/power   (  192): *** set_screen_state 0
D/WindowManager(  192): interceptKeyBeforeQueueing keycode=26 action=1 flags=8 scanCode=116 policyFlags=33554433 screenIsOn=true mPolicy.interceptKeyBeforeQueueing=4
D/PowerManagerService(  192): setPowerState: mPowerState=3 newState=0 noChangeLights=false
D/PowerManagerService(  192):   oldKeyboardBright=false newKeyboardBright=false
D/PowerManagerService(  192):   oldScreenBright=true newScreenBright=false
D/PowerManagerService(  192):   oldButtonBright=false newButtonBright=false
D/PowerManagerService(  192):   oldScreenOn=true newScreenOn=false
D/PowerManagerService(  192):   oldBatteryLow=false newBatteryLow=false
I/PowerManagerService(  192): SCREEN_ON_BIT 3 steps:1
W/LightsService(  192): Method(setLightLocked), LightID(BACKLIGHT), Color(0xFF000000), Mode(FLASH_NONE), OnMS(0), OffMS(0)
I/FihConfig(  192): can not find this tag <DIS_LOCK_SND_DUR_CALL>in the mUsedConfigData Array
I/FihConfig(  192): can not find this tag <DIS_LOCK_SND_DUR_CALL>.) in the mAllConfigArray
I/ApkLockScreen(  192): tmp packageName = com.fihtdc.lockscreen
I/ApkLockScreen(  192): into FihApkLockScreen
I/ApkLockScreen(  192): onCreate()
I/ApkLockScreen(  192): packageName in FihParseApkView is: com.fihtdc.lockscreen
I/ApkLockScreen(  192): [FihLockScreenView]+++++packageName = com.fihtdc.lockscreen
I/ApkLockScreen(  192): minWidth = 61441
I/ApkLockScreen(  192): minHeight = 81921
I/ApkLockScreen(  192): initialLayout = 2130903041
I/ApkLockScreen(  192): className = null
W/LightsService(  192): Method(turnOff), LightID(BUTTONS), Color(0x0), Mode(FLASH_NONE), OnMS(0), OffMS(0)
W/LightsService(  192): Method(setLightLocked), LightID(BUTTONS), Color(0x0), Mode(FLASH_NONE), OnMS(0), OffMS(0)
W/LightsService(  192): Method(turnOff), LightID(KEYBOARD), Color(0x0), Mode(FLASH_NONE), OnMS(0), OffMS(0)
W/LightsService(  192): Method(setLightLocked), LightID(KEYBOARD), Color(0x0), Mode(FLASH_NONE), OnMS(0), OffMS(0)
D/PowerManagerService(  192): acquireWakeLock flags=0x1 tag=sleep_broadcast
D/PowerManagerService(  192): acquireWakeLock flags=0x1 tag=show keyguard
D/PowerManagerService(  192): acquireWakeLock flags=0x1 tag=ActivityManager-Sleep
D/SurfaceFlinger(  192): About to give-up screen, flinger = 0x11e658
I/SimArgs (  192): stateExtra = READY
D/PowerManagerService(  192): releaseWakeLock flags=0x1 tag=ActivityManager-Sleep
I/SimArgs (  192): stateExtra = READY
I/SimArgs (  192): stateExtra = READY
I/ApkLockScreen(  192): find some apk
D/UnlockScreen(  192): I Have Add a condition to the frameword(isPatternLockTimeOut)false
D/FihLockScreen(  192): onAttachedToWindow
I/LockScreenStatusController(  192): reviece battery change
D/UnlockView(  192): onAttachedToWindow
I/DateLabel(  192): DateLabel onAttachedToWindow()
I/DateLabel(  192): DateLabel intent = null
D/UnlockScreen(  192): I Have Add a condition to the frameword(isPatternLockTimeOut)false
D/LiveCounter(  262): action: android.intent.action.CLOSE_SYSTEM_DIALOGS
D/HomeActivity(  330): HomeActivity---CloseSystemDialogsIntentReceiver--reason==lock
D/PowerManagerService(  192): setTimeoutLocked now=128607672 timeoutOverride=-1 nextState=0 when=128614672
D/PowerManagerService(  192): releaseWakeLock flags=0x1 tag=show keyguard
I/LockScreenStatusController(  192): onRefreshBatteryInfo
V/WifiStateTracker(  192): handleMessage(): msg.what= 8
D/UnlockScreen(  192): I Have Add a condition to the frameword(isPatternLockTimeOut)false
V/WindowManager(  192): Found focus @ 12 = Window{40991be8 Keyguard paused=false}
V/WindowManager(  192): Desired input method target=Window{40cc09b8 cc.gilmore.todo/cc.gilmore.todo.activity.SimpleTodoActivity paused=false} willMove=true
D/WindowManager(  192): Input focus has changed to Window{40991be8 Keyguard paused=false}
D/PowerManagerService(  192): acquireWakeLock flags=0x1 tag=AlarmManager
I/AirplaneModeToggle(  286): UpdateWidget by component name, currentState:DISABLED_STATE
I/AirplaneModeToggle(  286): getLaunchPendingIntent needDelay:false
I/AirplaneModeToggle(  286): updateButtons
D/IronNotifyLed(  382): receiving intent ... <com.fihtdc.action.THIRD_PARTY_APPS_OFF>
D/IronNotifyLed(  382): Domino-1.1 LED: fullBattery(X), LowBattery(X), LowBatteryCharging(X), charging(O), MissingCall(X), NewMsg(X), NewMail(X), ScreenON(O), 3rdPartyApps(X)
D/IronNotifyLed(  382): notifyLedAlwaysOn color : 16776960
D/IronNotifyLed(  382): Led state :isChargingOn 
