D/LightsService(  192): Pre: ScreenOn(false), InCall(false), Lights Size(1), Pending Existing(false)
W/LightsService(  192): Method(setColor), LightID(BATTERY), Color(0xFF00FF00), Mode(FLASH_NONE), OnMS(0), OffMS(0)
W/LightsService(  192): Method(turnOff), LightID(NOTIFICATIONS), Color(0x0), Mode(FLASH_NONE), OnMS(0), OffMS(0)
D/LightsService(  192): broadcasting <THIRD_PARTY_APPS_OFF> ...
D/LedManagerService(  192): solid color(FFFF00) ...
W/LightsService(  192): Method(setColor), LightID(FIH), Color(0xFFFF00), Mode(FLASH_NONE), OnMS(0), OffMS(0)
D/LightsService(  192): Post: ScreenOn(false), InCall(false), Lights Size(1), Pending Existing(false)
D/LiveCounter(  262): action: android.intent.action.SCREEN_OFF
D/WifiService(  192): BroadcastReceiver action=android.intent.action.SCREEN_OFF
D/WifiService(  192): Set as DEFAULT_IDLE_MILLIS idleMillis=900000
D/WifiService(  192): NETWORK_WIFI_SLEEP_POLICY= 2, wifiSleepPolicy = 2
D/WifiService(  192): ACTION_SCREEN_OFF  WIFI_SLEEP_POLICY=2
D/WifiService(  192): NETWORK_WIFI_SLEEP_POLICY= 2, wifiSleepPolicy = 2
D/WifiService(  192): setting ACTION_SLEEP_RESCAN timer for 720000ms time=-720000
D/WifiService(  192): NETWORK_WIFI_SLEEP_POLICY= 2, wifiSleepPolicy = 2
D/PowerManagerService(  192): acquireWakeLock flags=0x1 tag=RILJ
I/ONCRPC  (  157): Setup RPC Call for task 80219410
I/ONCRPC  (  157): oncrpc_xdr_call_msg_start: Prog: 30000000, Ver: 9cac4f71, Proc: 0000005a
I/ONCRPC  (  157): xdr_std_msg_send_call: Sent Xid: 48d, Prog: 30000000, Ver: 9cac4f71, Proc: 0000005a
D/DATA    (  290): [DCT(0) ] intent received :android.intent.action.SCREEN_OFF
D/DATA    (  290): [DCT(0) ] enable_always_on<1>
D/DATA    (  290): [DCT(0) ] Start poll NetStat <false>
I/ONCRPC  (  157): xdr_std_msg_send_call: Received Reply Xid: 48d, Prog: 30000000, Ver: 9cac4f71, Proc: 0000005a
I/ONCRPC  (  157): Setup RPC Call for task 80219410
I/ONCRPC  (  157): oncrpc_xdr_call_msg_start: Prog: 30000000, Ver: 9cac4f71, Proc: 0000005a
I/ONCRPC  (  157): xdr_std_msg_send_call: Sent Xid: 48e, Prog: 30000000, Ver: 9cac4f71, Proc: 0000005a
I/ONCRPC  (  157): xdr_std_msg_send_call: Received Reply Xid: 48e, Prog: 30000000, Ver: 9cac4f71, Proc: 0000005a
D/PowerManagerService(  192): releaseWakeLock flags=0x1 tag=RILJ
D/IronNotifyLed(  382): receiving intent ... <android.intent.action.SCREEN_OFF>
D/IronNotifyLed(  382): Domino-1.1 LED: fullBattery(X), LowBattery(X), LowBatteryCharging(X), charging(O), MissingCall(X), NewMsg(X), NewMail(X), ScreenON(X), 3rdPartyApps(X)
D/IronNotifyLed(  382): notifyLedAlwaysOn color : 16776960
D/IronNotifyLed(  382): Led state :isChargingOn 
D/LedManagerService(  192): solid color(FFFF00) ...
W/LightsService(  192): Method(setColor), LightID(FIH), Color(0xFFFF00), Mode(FLASH_NONE), OnMS(0), OffMS(0)
D/PowerManagerService(  192): acquireWakeLock flags=0x1 tag=Wakeful StateMachine: GeofencerStateMachine
D/PowerManagerService(  192): releaseWakeLock flags=0x1 tag=Wakeful StateMachine: GeofencerStateMachine
W/IInputConnectionWrapper(28665): getExtractedText on inactive InputConnection
D/PowerManagerService(  192): acquireWakeLock flags=0x1 tag=FbClientConnManager
D/_SIP.WkTimer_(  290): time's up, triggerTime = 3717.22.825: 2
D/_SIP.WkTimer_(  290): execute @409accd0:10:10:KeepAliveProcess@409e27b0
V/SipService(  290): acquire wakelock: holder count=1
V/\KEEPALIVE/(  290): ~~~ keepalive: sip:p8rhPDdd@p8rhPDddmob.phonebooth.com
D/PowerManagerService(  192): releaseWakeLock flags=0x1 tag=sleep_broadcast
D/PowerManagerService(  192): acquireWakeLock flags=0x1 tag=SipWakeLock
W/IInputConnectionWrapper(28665): getExtractedText on inactive InputConnection
D/_SIP.WkTimer_(  290): after timeout execution
D/_SIP.WkTimer_(  290):      @409accd0:10:10:KeepAliveProcess@409e27b0: scheduled at 3717.32.825: last at 3717.22.825
D/_SIP.WkTimer_(  290):      @407d4548:3540:3540:AutoRegistrationProcess@40773708: scheduled at 3738.22.825: last at 3679.26.107
D/PowerManagerService(  192): releaseWakeLock flags=0x1 tag=AlarmManager
D/PowerManagerService(  192): releaseWakeLock flags=0x1 tag=FbClientConnManager
V/WifiStateTracker(  192): handleMessage(): msg.what= 8
D/StatusBarPolicy(  262): updateWifi: android.net.wifi.RSSI_CHANGED : wifi state: 4 supplicant connected: false
D/StatusBarPolicy(  262): updateWifi RSSI_CHANGED_ACTION newRssi:-79 newSignalLevel: 1 mLastWifiSignalLevel: 2
V/SipService(  290): release wakelock: holder count=0
D/PowerManagerService(  192): releaseWakeLock flags=0x1 tag=SipWakeLock
D/SipSession(  290):  ~~~~~   @4080a848:READY_TO_CALL: READY_TO_CALL: processing SIP/2.0 200 ok
D/SipSession(  290): Call-ID: 9cc35f61fbff95d6b67852864575d3ee@192.168.1.3
D/SipSession(  290): CSeq: 7982 OPTIONS
D/SipSession(  290): From: "+19783377548" <sip:p8rhPDdd@p8rhPDddmob.phonebooth.com>;tag=4019126402
D/SipSession(  290): To: "+19783377548" <sip:p8rhPDdd@p8rhPDddmob.phonebooth.com>;tag=351ec21695cc8535466ca08f05870837.18f4
D/SipSession(  290): Via: SIP/2.0/UDP 192.168.1.3:49586;branch=z9hG4bK5a30d41ab4d3f02e2a3e6cdb030ccbfe323235;rport=49586;received=98.216.215.33
D/SipSession(  290): Server: Phonebooth/1.1.0
D/SipSession(  290): Content-Length: 0
D/SipSession(  290): 
D/SipSession(  290):  ~~~~~   @4080a848:READY_TO_CALL: READY_TO_CALL: processing OPTIONS sip:98.216.215.33:49586 SIP/2.0
D/SipSession(  290): Via: SIP/2.0/UDP 50.23.200.18:5090;branch=0
D/SipSession(  290): From: <sip:pinger@pb2.bandwidth.com>;tag=f06584cd
D/SipSession(  290): To: <sip:98.216.215.33:49586>
D/SipSession(  290): Call-ID: 9b3a38a5-52d25efb-ca539a@50.23.200.18
D/SipSession(  290): CSeq: 1 OPTIONS
D/SipSession(  290): Content-Length: 0
D/SipSession(  290): 
D/SipHelper(  290): send response: SIP/2.0 200 OK
D/SipHelper(  290): Via: SIP/2.0/UDP 50.23.200.18:5090;branch=0
D/SipHelper(  290): From: <sip:pinger@pb2.bandwidth.com>;tag=f06584cd
D/SipHelper(  290): To: <sip:98.216.215.33:49586>
D/SipHelper(  290): Call-ID: 9b3a38a5-52d25efb-ca539a@50.23.200.18
D/SipHelper(  290): CSeq: 1 OPTIONS
D/SipHelper(  290): Content-Length: 0
D/SipHelper(  290): 
D/SipSession(  290): new state after: READY_TO_CALL
D/dalvikvm(  290): GC_CONCURRENT freed 2012K, 47% free 5056K/9479K, external 9536K/11178K, paused 8ms+4ms
D/dalvikvm(28331): GC_EXPLICIT freed 8K, 44% free 3040K/5379K, external 1754K/2138K, paused 48ms
D/PowerManagerService(  192): acquireWakeLock flags=0x1 tag=AlarmManager
D/_SIP.WkTimer_(  290): time's up, triggerTime = 3717.32.825: 2
D/_SIP.WkTimer_(  290): execute @409accd0:10:10:KeepAliveProcess@409e27b0
V/SipService(  290): acquire wakelock: holder count=1
V/\KEEPALIVE/(  290): ~~~ keepalive: sip:p8rhPDdd@p8rhPDddmob.phonebooth.com
D/PowerManagerService(  192): acquireWakeLock flags=0x1 tag=SipWakeLock
D/_SIP.WkTimer_(  290): after timeout execution
D/_SIP.WkTimer_(  290):      @409accd0:10:10:KeepAliveProcess@409e27b0: scheduled at 3717.42.825: last at 3717.32.825
D/_SIP.WkTimer_(  290):      @407d4548:3540:3540:AutoRegistrationProcess@40773708: scheduled at 3738.22.825: last at 3679.26.107
D/PowerManagerService(  192): releaseWakeLock flags=0x1 tag=AlarmManager
V/SipService(  290): release wakelock: holder count=0
D/PowerManagerService(  192): releaseWakeLock flags=0x1 tag=SipWakeLock
I/dun_service(  132): The value returned from dun_getusbmodemstate_fromsys is 1 
I/dun_service(  132): Post event 1
I/dun_service(  132): received event: DUN_EVENT_USB_UNPLUG 
I/dun_service(  132): received event(DUN_EVENT_USB_UNPLUG) in state(DUN_STATE_USB_UNPLUG)
I/dun_service(  132): Ignoring the event DUN_EVENT_USB_UNPLUG in USB_UNPLUG_STATE
I/dun_service(  132): Moved to state(DUN_STATE_USB_UNPLUG)
D/BatteryService(  192): mForbidHalting[false] mForbidOTP[false]
D/UnlockScreen(  192): I Have Add a condition to the frameword(isPatternLockTimeOut)false
D/Tethering(  192): in onReceive: Setting mUsbConnectedtrue
D/DATA    (  290): [DCT(0) ] intent received :android.intent.action.BATTERY_CHANGED
D/StatusBarPolicy(  262): showbatterywaring() show=false
D/ACUnPlugFeature(  262): plugged=true oldPlugged=true level=100 status=2
D/ACUnPlugFeature(  262): NewBatteryPlugType=2 OldBatteryPlugType=2
D/ACUnPlugFeature(  262): status=2
D/NetdConnector(  192): Send command through default
D/IronNotifyLed(  382): receiving intent ... <android.intent.action.BATTERY_CHANGED>
D/IronNotifyLed(  382):  current battery level : 100
D/IronNotifyLed(  382): Domino-1.1 LED: fullBattery(X), LowBattery(X), LowBatteryCharging(X), charging(O), MissingCall(X), NewMsg(X), NewMail(X), ScreenON(X), 3rdPartyApps(X)
D/IronNotifyLed(  382): notifyLedAlwaysOn color : 16776960
D/IronNotifyLed(  382): Led state :isChargingOn 
D/[BatteryProtectApp](  373): DetectBatteryService:receive ACTION_BATTERY_CHANGED -[System mHealth:2  mTemprature:28]
D/[BatteryProtectApp](  373): DetectBatteryService:phone not in any mode now,and health is Good
D/[BatteryProtectApp](  373): DetectBatteryService:-Not need to display
D/LedManagerService(  192): solid color(FFFF00) ...
W/LightsService(  192): Method(setColor), LightID(FIH), Color(0xFFFF00), Mode(FLASH_NONE), OnMS(0), OffMS(0)
D/BatteryService(  192): Post: Temp(280), Status(2), Health(2), Level(100), PlugType(2), AC(false), USB(true)
D/dalvikvm(  373): GC_CONCURRENT freed 469K, 56% free 3048K/6791K, external 1754K/2138K, paused 2ms+9ms
E/Tethering(  192): active iface (usb0) reported as added, ignoring
I/LockScreenStatusController(  192): reviece battery change
I/LockScreenStatusController(  192): onRefreshBatteryInfo
I/BatteryManagerAP(27482): [BatteryManagerDetectService] mLevel=100
D/WifiService(  192): BroadcastReceiver action=android.intent.action.BATTERY_CHANGED
D/WifiService(  192): Set as DEFAULT_IDLE_MILLIS idleMillis=900000
D/WifiService(  192): ACTION_BATTERY_CHANGED pluggedType: 2
D/WifiService(  192): NETWORK_WIFI_SLEEP_POLICY= 2, wifiSleepPolicy = 2
D/WifiService(  192): NETWORK_WIFI_SLEEP_POLICY= 2, wifiSleepPolicy = 2
E/WifiService(  192): Handle MESSAGE_UPDATE_STATE.
D/PowerManagerService(  192): acquireWakeLock flags=0x1 tag=*wifi*
E/WifiService(  192): Handle MESSAGE_ENABLE_WIFI.
E/WifiService(  192): Handle MESSAGE_START_WIFI.
D/PowerManagerService(  192): releaseWakeLock flags=0x1 tag=*wifi*
D/WifiStateTracker(  192): requestConnectionInfo
D/WifiStateTracker(  192): requestConnectionStatus
D/dalvikvm(27921): GC_EXPLICIT freed 21K, 42% free 3665K/6279K, external 1754K/2138K, paused 79ms
D/PowerManagerService(  192): acquireWakeLock flags=0x1 tag=AlarmManager
D/_SIP.WkTimer_(  290): time's up, triggerTime = 3717.42.825: 2
D/_SIP.WkTimer_(  290): execute @409accd0:10:10:KeepAliveProcess@409e27b0
V/SipService(  290): acquire wakelock: holder count=1
V/\KEEPALIVE/(  290): ~~~ keepalive: sip:p8rhPDdd@p8rhPDddmob.phonebooth.com
D/PowerManagerService(  192): acquireWakeLock flags=0x1 tag=SipWakeLock
D/_SIP.WkTimer_(  290): after timeout execution
D/_SIP.WkTimer_(  290):      @409accd0:10:10:KeepAliveProcess@409e27b0: scheduled at 3717.52.825: last at 3717.42.825
D/_SIP.WkTimer_(  290):      @407d4548:3540:3540:AutoRegistrationProcess@40773708: scheduled at 3738.22.825: last at 3679.26.107
D/PowerManagerService(  192): releaseWakeLock flags=0x1 tag=AlarmManager
V/SipService(  290): release wakelock: holder count=0
D/PowerManagerService(  192): releaseWakeLock flags=0x1 tag=SipWakeLock
D/PowerManagerService(  192): acquireWakeLock flags=0x1 tag=AlarmManager
D/PowerManagerService(  192): releaseWakeLock flags=0x1 tag=AlarmManager
D/SipSession(  290):  ~~~~~   @4080a848:READY_TO_CALL: READY_TO_CALL: processing OPTIONS sip:98.216.215.33:49586 SIP/2.0
D/SipSession(  290): Via: SIP/2.0/UDP 50.23.200.18:5090;branch=0
D/SipSession(  290): From: <sip:pinger@pb2.bandwidth.com>;tag=8a2684cd
D/SipSession(  290): To: <sip:98.216.215.33:49586>
D/SipSession(  290): Call-ID: 9b3a38a5-eb935efb-0c539a@50.23.200.18
D/SipSession(  290): CSeq: 1 OPTIONS
D/SipSession(  290): Content-Length: 0
D/SipSession(  290): 
D/SipHelper(  290): send response: SIP/2.0 200 OK
D/SipHelper(  290): Via: SIP/2.0/UDP 50.23.200.18:5090;branch=0
D/SipHelper(  290): From: <sip:pinger@pb2.bandwidth.com>;tag=8a2684cd
D/SipHelper(  290): To: <sip:98.216.215.33:49586>
D/SipHelper(  290): Call-ID: 9b3a38a5-eb935efb-0c539a@50.23.200.18
D/SipHelper(  290): CSeq: 1 OPTIONS
D/SipHelper(  290): Content-Length: 0
D/SipHelper(  290): 
D/SipSession(  290): new state after: READY_TO_CALL
D/dalvikvm(27343): GC_EXPLICIT freed 598K, 47% free 3823K/7111K, external 1754K/2138K, paused 55ms
D/_SIP.WkTimer_(  290): time's up, triggerTime = 3717.52.825: 2
D/_SIP.WkTimer_(  290): execute @409accd0:10:10:KeepAliveProcess@409e27b0
V/SipService(  290): acquire wakelock: holder count=1
V/\KEEPALIVE/(  290): ~~~ keepalive: sip:p8rhPDdd@p8rhPDddmob.phonebooth.com
D/PowerManagerService(  192): acquireWakeLock flags=0x1 tag=SipWakeLock
D/PowerManagerService(  192): acquireWakeLock flags=0x1 tag=AlarmManager
D/_SIP.WkTimer_(  290): after timeout execution
D/_SIP.WkTimer_(  290):      @409accd0:10:10:KeepAliveProcess@409e27b0: scheduled at 3718.2.825: last at 3717.52.825
D/_SIP.WkTimer_(  290):      @407d4548:3540:3540:AutoRegistrationProcess@40773708: scheduled at 3738.22.825: last at 3679.26.107
D/PowerManagerService(  192): releaseWakeLock flags=0x1 tag=AlarmManager
D/PowerManagerService(  192): acquireWakeLock flags=0x1 tag=AlarmManager
D/PowerManagerService(  192): releaseWakeLock flags=0x1 tag=AlarmManager
V/SipService(  290): release wakelock: holder count=0
D/PowerManagerService(  192): releaseWakeLock flags=0x1 tag=SipWakeLock
D/dalvikvm(27413): GC_EXPLICIT freed 4K, 44% free 3035K/5379K, external 1754K/2138K, paused 45ms
D/PowerManagerService(  192): acquireWakeLock flags=0x1 tag=AlarmManager
D/_SIP.WkTimer_(  290): time's up, triggerTime = 3718.2.825: 2
D/_SIP.WkTimer_(  290): execute @409accd0:10:10:KeepAliveProcess@409e27b0
V/SipService(  290): acquire wakelock: holder count=1
V/\KEEPALIVE/(  290): ~~~ keepalive: sip:p8rhPDdd@p8rhPDddmob.phonebooth.com
D/_SIP.WkTimer_(  290): after timeout execution
D/_SIP.WkTimer_(  290):      @409accd0:10:10:KeepAliveProcess@409e27b0: scheduled at 3718.12.825: last at 3718.2.825
D/_SIP.WkTimer_(  290):      @407d4548:3540:3540:AutoRegistrationProcess@40773708: scheduled at 3738.22.825: last at 3679.26.107
D/PowerManagerService(  192): acquireWakeLock flags=0x1 tag=SipWakeLock
D/PowerManagerService(  192): releaseWakeLock flags=0x1 tag=AlarmManager
V/SipService(  290): release wakelock: holder count=0
D/PowerManagerService(  192): releaseWakeLock flags=0x1 tag=SipWakeLock
D/dalvikvm(27421): GC_EXPLICIT freed 11K, 44% free 3045K/5379K, external 1754K/2138K, paused 27ms
D/_SIP.WkTimer_(  290): time's up, triggerTime = 3718.12.825: 2
D/_SIP.WkTimer_(  290): execute @409accd0:10:10:KeepAliveProcess@409e27b0
V/SipService(  290): acquire wakelock: holder count=1
V/\KEEPALIVE/(  290): ~~~ keepalive: sip:p8rhPDdd@p8rhPDddmob.phonebooth.com
D/PowerManagerService(  192): acquireWakeLock flags=0x1 tag=SipWakeLock
D/PowerManagerService(  192): acquireWakeLock flags=0x1 tag=AlarmManager
D/_SIP.WkTimer_(  290): after timeout execution
D/_SIP.WkTimer_(  290):      @409accd0:10:10:KeepAliveProcess@409e27b0: scheduled at 3718.22.825: last at 3718.12.825
D/_SIP.WkTimer_(  290):      @407d4548:3540:3540:AutoRegistrationProcess@40773708: scheduled at 3738.22.825: last at 3679.26.107
D/PowerManagerService(  192): releaseWakeLock flags=0x1 tag=AlarmManager
V/SipService(  290): release wakelock: holder count=0
D/PowerManagerService(  192): releaseWakeLock flags=0x1 tag=SipWakeLock
D/PowerManagerService(  192): acquireWakeLock flags=0x1 tag=AlarmManager
I/AlarmManager(  192): set  mTimeTickSender
I/AlarmManager(  192): receive ACTION_TIME_TICK
I/AlarmManager(  192): currentTime MINUTE: 16 currentTime SECOND: 0
I/DateLabel(  192): DateLabel receive = android.intent.action.TIME_TICK
D/PowerManagerService(  192): releaseWakeLock flags=0x1 tag=AlarmManager
I/dun_service(  132): The value returned from dun_getusbmodemstate_fromsys is 1 
I/dun_service(  132): Post event 1
I/dun_service(  132): received event: DUN_EVENT_USB_UNPLUG 
I/dun_service(  132): received event(DUN_EVENT_USB_UNPLUG) in state(DUN_STATE_USB_UNPLUG)
I/dun_service(  132): Ignoring the event DUN_EVENT_USB_UNPLUG in USB_UNPLUG_STATE
I/dun_service(  132): Moved to state(DUN_STATE_USB_UNPLUG)
D/Tethering(  192): in onReceive: Setting mUsbConnectedtrue
D/BatteryService(  192): mForbidHalting[false] mForbidOTP[false]
D/UnlockScreen(  192): I Have Add a condition to the frameword(isPatternLockTimeOut)false
D/NetdConnector(  192): Send command through default
D/DATA    (  290): [DCT(0) ] intent received :android.intent.action.BATTERY_CHANGED
D/IronNotifyLed(  382): receiving intent ... <android.intent.action.BATTERY_CHANGED>
D/IronNotifyLed(  382):  current battery level : 100
D/IronNotifyLed(  382): Domino-1.1 LED: fullBattery(O), LowBattery(X), LowBatteryCharging(X), charging(X), MissingCall(X), NewMsg(X), NewMail(X), ScreenON(X), 3rdPartyApps(X)
D/IronNotifyLed(  382): notifyLedAlwaysOn color : 65280
E/lights  (  192): set_light_fih color:0000FF00, flashOnMS:0, flashOffMS:0
E/lights  (  192): g_fih colorRGB=0000FF00, mode=0, onMS=0, offMS=0
W/lights  (  192): set_speaker_light_locked colorRGB=0000FF00, onMS=0, offMS=0
W/lights  (  192): set_speaker_light_locked flashMode=0
D/IronNotifyLed(  382): Led state :isFullBatteryOn 
D/[BatteryProtectApp](  373): DetectBatteryService:receive ACTION_BATTERY_CHANGED -[System mHealth:2  mTemprature:28]
D/[BatteryProtectApp](  373): DetectBatteryService:phone not in any mode now,and health is Good
D/[BatteryProtectApp](  373): DetectBatteryService:-Not need to display
D/StatusBarPolicy(  262): showbatterywaring() show=false
D/ACUnPlugFeature(  262): plugged=true oldPlugged=true level=100 status=5
D/ACUnPlugFeature(  262): NewBatteryPlugType=2 OldBatteryPlugType=2
D/ACUnPlugFeature(  262): status=5
D/LedManagerService(  192): solid color(FF00) ...
W/LightsService(  192): Method(setColor), LightID(FIH), Color(0xFF00), Mode(FLASH_NONE), OnMS(0), OffMS(0)
W/LightsService(  192): Method(setLightLocked), LightID(FIH), Color(0xFF00), Mode(FLASH_NONE), OnMS(0), OffMS(0)
D/BatteryService(  192): Post: Temp(280), Status(5), Health(2), Level(100), PlugType(2), AC(false), USB(true)
E/Tethering(  192): active iface (usb0) reported as added, ignoring
I/LockScreenStatusController(  192): onRefreshBatteryInfo
I/LockScreenStatusController(  192): reviece battery change
I/BatteryManagerAP(27482): [BatteryManagerDetectService] mLevel=100
D/WifiService(  192): BroadcastReceiver action=android.intent.action.BATTERY_CHANGED
D/WifiService(  192): Set as DEFAULT_IDLE_MILLIS idleMillis=900000
D/WifiService(  192): ACTION_BATTERY_CHANGED pluggedType: 2
D/WifiService(  192): NETWORK_WIFI_SLEEP_POLICY= 2, wifiSleepPolicy = 2
D/WifiService(  192): NETWORK_WIFI_SLEEP_POLICY= 2, wifiSleepPolicy = 2
E/WifiService(  192): Handle MESSAGE_UPDATE_STATE.
D/PowerManagerService(  192): acquireWakeLock flags=0x1 tag=*wifi*
E/WifiService(  192): Handle MESSAGE_ENABLE_WIFI.
E/WifiService(  192): Handle MESSAGE_START_WIFI.
D/PowerManagerService(  192): releaseWakeLock flags=0x1 tag=*wifi*
D/LowMemoryDialogActivity(  451): Intent: LowMemory
W/LowMemoryDialogActivity(  451): FreeMem = 42487808; ThresholdMem = 40671640
