--------- beginning of /dev/log/system
I/ONCRPC  (  157): xdr_std_msg_send_call: Sent Xid: 482, Prog: 3000000e, Ver: 00090001, Proc: 0000000a
I/ONCRPC  (  157): xdr_std_msg_send_call: Received Reply Xid: 482, Prog: 3000000e, Ver: 00090001, Proc: 0000000a
D/PowerManagerService(  192): acquireWakeLock flags=0x1 tag=RILJ
W/Vold    (  117): USB online = 1
D/BatteryService(  192): mForbidHalting[false] mForbidOTP[false]
D/BatteryService(  192): Post: Temp(280), Status(2), Health(2), Level(99), PlugType(2), AC(false), USB(true)
D/PowerManagerService(  192): releaseWakeLock flags=0x1 tag=RILJ
D/SlateService(  192): onSignalStrengthsChanged:SignalStrength: 99 99 255 -116 -150 -120 -1 -1 99 2147483647 -32767 2147483647 -32767 cdma
D/LedManagerService(  192): solid color(FFFF00) ...
W/LightsService(  192): Method(setColor), LightID(FIH), Color(0xFFFF00), Mode(FLASH_NONE), OnMS(0), OffMS(0)
I/TelephonyRegistry(  192): notifyServiceState: 0 home republic 1023111 1023111  1xRTT(subscription=0) CSS not supported 2 4106RoamInd: 1DefRoamInd: 1EmergOnly: falsechannel: 0
D/StatusBarPolicy(  262): updateSignalStrength,ServiceState: 0 home republic 1023111 1023111  1xRTT(subscription=0) CSS not supported 2 4106RoamInd: 1DefRoamInd: 1EmergOnly: falsechannel: 0 RadioTechnology: 6 isCDMA: true
V/StatusBarPolicy(  262): Cdma ROAMING_INDICATOR_OFF, removing ERI icon
D/StatusBarPolicy(  262): updateDataIcon mSimState: READY hasService=true mServiceState.getRadioTechnology(): 6 mDataState: 0
D/PowerManagerService(  192): acquireWakeLock flags=0x1 tag=Wakeful StateMachine: GeofencerStateMachine
D/StatusBarPolicy(  262): getRadioTechnology,oldValue: 6 newValue: 6
D/PowerManagerService(  192): releaseWakeLock flags=0x1 tag=Wakeful StateMachine: GeofencerStateMachine
D/PowerManagerService(  192): releaseWakeLock flags=0x1 tag=sleep_broadcast
D/PowerManagerService(  192): acquireWakeLock flags=0x1 tag=*sync*
D/PowerManagerService(  192): userActivity mLastEventTime=128315823 time=128505489 mUserActivityAllowed=false mUserState=0x0 mWakeLockState=0x7 mProximitySensorActive=false timeoutOverride=-1 force=false
D/PowerManagerService(  192): acquireWakeLock flags=0x1000001a tag=keyguard
D/PowerManagerService(  192): acquireWakeLock flags=0x1000001a tag=keyguard
D/PowerManagerService(  192): userActivity mLastEventTime=128505489 time=128505790 mUserActivityAllowed=false mUserState=0x0 mWakeLockState=0x7 mProximitySensorActive=false timeoutOverride=-1 force=false
I/ActivityManager(  192): Start proc com.fihtdc.RingModeProfile for service com.fihtdc.RingModeProfile/.SoundSettingObserverService: pid=28554 uid=10086 gids={1015}
D/PowerManagerService(  192): acquireWakeLock flags=0x1000001a tag=keyguard
D/PowerManagerService(  192): acquireWakeLock flags=0x1000001a tag=keyguard
D/PowerManagerService(  192): userActivity mLastEventTime=128505790 time=128506269 mUserActivityAllowed=false mUserState=0x0 mWakeLockState=0x7 mProximitySensorActive=false timeoutOverride=-1 force=false
D/PowerManagerService(  192): acquireWakeLock flags=0x1 tag=*sync*
D/PowerManagerService(  192): userActivity mLastEventTime=128506269 time=128506319 mUserActivityAllowed=true mUserState=0x0 mWakeLockState=0x7 mProximitySensorActive=false timeoutOverride=-1 force=false
D/PowerManagerService(  192): setTimeoutLocked now=128506319 timeoutOverride=-1 nextState=3 when=128512319
D/PowerManagerService(  192): releaseWakeLock flags=0x1000001a tag=keyguard
D/PowerManagerService(  192): setPowerState: mPowerState=7 newState=3 noChangeLights=false
D/PowerManagerService(  192):   oldKeyboardBright=false newKeyboardBright=false
D/PowerManagerService(  192):   oldScreenBright=true newScreenBright=true
D/PowerManagerService(  192):   oldButtonBright=true newButtonBright=false
D/PowerManagerService(  192):   oldScreenOn=true newScreenOn=true
D/PowerManagerService(  192):   oldBatteryLow=false newBatteryLow=false
D/WindowManager(  192): Input focus has changed to null
V/WindowManager(  192): Found focus @ 5 = Window{40a28500 com.motorola.mmsp.threed.motohome/com.motorola.mmsp.threed.motohome.HomeActivity paused=false}
D/WindowManager(  192): Input focus has changed to Window{40a28500 com.motorola.mmsp.threed.motohome/com.motorola.mmsp.threed.motohome.HomeActivity paused=false}
V/WindowManager(  192): Desired input method target=Window{40b39970 SurfaceView paused=false} willMove=false
W/InputManagerService(  192): Window already focused, ignoring focus gain of: com.android.internal.view.IInputMethodClient$Stub$Proxy@40c35e68
I/ONCRPC  (  157): rpc_handle_rpc_call: for Xid: c124, Prog: 31000000, Vers: fc37ad5c, Proc: 00000012
I/ONCRPC  (  157): rpc_handle_rpc_call: Find Status: 0 Xid: c124
I/ONCRPC  (  157): oncrpc_proxy_handle_cmd_rpc_call: Dispatching xid: c124
D/SlateService(  192): onSignalStrengthsChanged:SignalStrength: 99 99 255 -117 -310 -120 -1 -1 99 2147483647 -32767 2147483647 -32767 cdma
D/StatusBarPolicy(  262): updateSignalStrength,ServiceState: 0 home republic 1023111 1023111  1xRTT(subscription=0) CSS not supported 2 4106RoamInd: 1DefRoamInd: 1EmergOnly: falsechannel: 0 RadioTechnology: 6 isCDMA: true
I/ActivityManager(  192): Start proc com.google.android.gm for service com.google.android.gm/.provider.MailSyncAdapterService: pid=28563 uid=10074 gids={3003, 1015}
D/PowerManagerService(  192): acquireWakeLock flags=0x1 tag=*sync*
D/PowerManagerService(  192): acquireWakeLock flags=0x1 tag=AlarmManager
D/PowerManagerService(  192): acquireWakeLock flags=0x1 tag=SipWakeLock
D/PowerManagerService(  192): releaseWakeLock flags=0x1 tag=AlarmManager
D/PowerManagerService(  192): releaseWakeLock flags=0x1 tag=SipWakeLock
I/ActivityManager(  192): Start proc com.cooliris.media for service com.cooliris.media/com.cooliris.picasa.PicasaService: pid=28577 uid=10096 gids={1015, 3003}
D/PowerManagerService(  192): acquireWakeLock flags=0x1 tag=*sync*
D/PowerManagerService(  192): acquireWakeLock flags=0x1 tag=*sync*
D/PowerManagerService(  192): acquireWakeLock flags=0x1 tag=*sync*
D/PowerManagerService(  192): acquireWakeLock flags=0x1 tag=*sync*
D/PowerManagerService(  192): acquireWakeLock flags=0x1 tag=*sync*
W/ActivityManager(  192): Activity destroy timeout for HistoryRecord{40c58940 cc.gilmore.todo/.activity.SimpleTodoActivity}
D/PowerManagerService(  192): acquireWakeLock flags=0x1 tag=UlrDispatchingService
D/PowerManagerService(  192): acquireWakeLock flags=0x1 tag=*sync*
D/PowerManagerService(  192): acquireWakeLock flags=0x1 tag=GCoreFlp
D/PowerManagerService(  192): releaseWakeLock flags=0x1 tag=GCoreFlp
D/PowerManagerService(  192): releaseWakeLock flags=0x1 tag=UlrDispatchingService
D/PowerManagerService(  192): acquireWakeLock flags=0x1 tag=UlrDispatchingService
D/PowerManagerService(  192): acquireWakeLock flags=0x1 tag=GCoreFlp
D/PowerManagerService(  192): releaseWakeLock flags=0x1 tag=GCoreFlp
D/PowerManagerService(  192): releaseWakeLock flags=0x1 tag=UlrDispatchingService
D/PowerManagerService(  192): acquireWakeLock flags=0x1 tag=*sync*
D/PowerManagerService(  192): userActivity mLastEventTime=128506319 time=128512050 mUserActivityAllowed=true mUserState=0x3 mWakeLockState=0x0 mProximitySensorActive=false timeoutOverride=-1 force=false
D/PowerManagerService(  192): setTimeoutLocked now=128512050 timeoutOverride=-1 nextState=3 when=128518050
D/PowerManagerService(  192): userActivity mLastEventTime=128512050 time=128512184 mUserActivityAllowed=true mUserState=0x3 mWakeLockState=0x0 mProximitySensorActive=false timeoutOverride=-1 force=false
D/PowerManagerService(  192): setTimeoutLocked now=128512184 timeoutOverride=-1 nextState=3 when=128518184
D/PowerManagerService(  192): acquireWakeLock flags=0x1 tag=*sync*
I/ONCRPC  (  157): rpc_handle_rpc_call: for Xid: c128, Prog: 31000000, Vers: fc37ad5c, Proc: 00000012
I/ONCRPC  (  157): rpc_handle_rpc_call: Find Status: 0 Xid: c128
I/ONCRPC  (  157): oncrpc_proxy_handle_cmd_rpc_call: Dispatching xid: c128
D/SlateService(  192): onSignalStrengthsChanged:SignalStrength: 99 99 255 -122 -210 -120 -1 -1 99 2147483647 -32767 2147483647 -32767 cdma
D/StatusBarPolicy(  262): updateSignalStrength,ServiceState: 0 home republic 1023111 1023111  1xRTT(subscription=0) CSS not supported 2 4106RoamInd: 1DefRoamInd: 1EmergOnly: falsechannel: 0 RadioTechnology: 6 isCDMA: true
D/PowerManagerService(  192): acquireWakeLock flags=0x1 tag=*sync*
D/PowerManagerService(  192): acquireWakeLock flags=0x1 tag=*sync*
D/PowerManagerService(  192): acquireWakeLock flags=0x1 tag=*sync*
D/PowerManagerService(  192): acquireWakeLock flags=0x1 tag=*sync*
D/PowerManagerService(  192): acquireWakeLock flags=0x1 tag=*sync*
D/PowerManagerService(  192): releaseWakeLock flags=0x1 tag=*sync*
I/ONCRPC  (  157): rpc_handle_rpc_call: for Xid: c12b, Prog: 31000000, Vers: fc37ad5c, Proc: 00000012
I/ONCRPC  (  157): rpc_handle_rpc_call: Find Status: 0 Xid: c12b
I/ONCRPC  (  157): oncrpc_proxy_handle_cmd_rpc_call: Dispatching xid: c12b
D/SlateService(  192): onSignalStrengthsChanged:SignalStrength: 99 99 255 -120 -130 -120 -1 -1 99 2147483647 -32767 2147483647 -32767 cdma
D/StatusBarPolicy(  262): updateSignalStrength,ServiceState: 0 home republic 1023111 1023111  1xRTT(subscription=0) CSS not supported 2 4106RoamInd: 1DefRoamInd: 1EmergOnly: falsechannel: 0 RadioTechnology: 6 isCDMA: true
D/StatusBarPolicy(  262): updateWifi: android.net.wifi.RSSI_CHANGED : wifi state: 4 supplicant connected: false
D/StatusBarPolicy(  262): updateWifi RSSI_CHANGED_ACTION newRssi:-63 newSignalLevel: 2 mLastWifiSignalLevel: 1
D/PowerManagerService(  192): setTimeoutLocked now=128518190 timeoutOverride=-1 nextState=1 when=128565190
D/PowerManagerService(  192): acquireWakeLock flags=0x1 tag=AlarmManager
D/PowerManagerService(  192): acquireWakeLock flags=0x1 tag=SipWakeLock
D/PowerManagerService(  192): releaseWakeLock flags=0x1 tag=AlarmManager
D/PowerManagerService(  192): releaseWakeLock flags=0x1 tag=SipWakeLock
I/ONCRPC  (  157): rpc_handle_rpc_call: for Xid: c131, Prog: 31000000, Vers: fc37ad5c, Proc: 00000012
I/ONCRPC  (  157): rpc_handle_rpc_call: Find Status: 0 Xid: c131
I/ONCRPC  (  157): oncrpc_proxy_handle_cmd_rpc_call: Dispatching xid: c131
D/StatusBarPolicy(  262): updateSignalStrength,ServiceState: 0 home republic 1023111 1023111  1xRTT(subscription=0) CSS not supported 2 4106RoamInd: 1DefRoamInd: 1EmergOnly: falsechannel: 0 RadioTechnology: 6 isCDMA: true
D/SlateService(  192): onSignalStrengthsChanged:SignalStrength: 99 99 255 -118 -180 -120 -1 -1 99 2147483647 -32767 2147483647 -32767 cdma
D/StatusBarPolicy(  262): updateWifi: android.net.wifi.RSSI_CHANGED : wifi state: 4 supplicant connected: false
D/StatusBarPolicy(  262): updateWifi RSSI_CHANGED_ACTION newRssi:-71 newSignalLevel: 1 mLastWifiSignalLevel: 2
D/PowerManagerService(  192): userActivity mLastEventTime=128512184 time=128527195 mUserActivityAllowed=true mUserState=0x3 mWakeLockState=0x0 mProximitySensorActive=false timeoutOverride=-1 force=false
D/PowerManagerService(  192): setTimeoutLocked now=128527195 timeoutOverride=-1 nextState=3 when=128533195
D/PowerManagerService(  192): userActivity mLastEventTime=128527195 time=128527329 mUserActivityAllowed=true mUserState=0x3 mWakeLockState=0x0 mProximitySensorActive=false timeoutOverride=-1 force=false
D/PowerManagerService(  192): setTimeoutLocked now=128527329 timeoutOverride=-1 nextState=3 when=128533329
D/PowerManagerService(  192): userActivity mLastEventTime=128527329 time=128527956 mUserActivityAllowed=true mUserState=0x3 mWakeLockState=0x0 mProximitySensorActive=false timeoutOverride=-1 force=false
D/PowerManagerService(  192): setTimeoutLocked now=128527956 timeoutOverride=-1 nextState=3 when=128533956
D/PowerManagerService(  192): userActivity mLastEventTime=128527956 time=128528082 mUserActivityAllowed=true mUserState=0x3 mWakeLockState=0x0 mProximitySensorActive=false timeoutOverride=-1 force=false
D/PowerManagerService(  192): setTimeoutLocked now=128528082 timeoutOverride=-1 nextState=3 when=128534082
D/PowerManagerService(  192): acquireWakeLock flags=0x1 tag=SipWakeLock
D/PowerManagerService(  192): acquireWakeLock flags=0x1 tag=AlarmManager
D/PowerManagerService(  192): releaseWakeLock flags=0x1 tag=AlarmManager
D/PowerManagerService(  192): releaseWakeLock flags=0x1 tag=SipWakeLock
I/ONCRPC  (  157): rpc_handle_rpc_call: for Xid: c133, Prog: 31000000, Vers: fc37ad5c, Proc: 00000012
I/ONCRPC  (  157): rpc_handle_rpc_call: Find Status: 0 Xid: c133
I/ONCRPC  (  157): oncrpc_proxy_handle_cmd_rpc_call: Dispatching xid: c133
D/StatusBarPolicy(  262): updateSignalStrength,ServiceState: 0 home republic 1023111 1023111  1xRTT(subscription=0) CSS not supported 2 4106RoamInd: 1DefRoamInd: 1EmergOnly: falsechannel: 0 RadioTechnology: 6 isCDMA: true
D/SlateService(  192): onSignalStrengthsChanged:SignalStrength: 99 99 255 -124 -210 -120 -1 -1 99 2147483647 -32767 2147483647 -32767 cdma
D/StatusBarPolicy(  262): updateWifi: android.net.wifi.RSSI_CHANGED : wifi state: 4 supplicant connected: false
D/StatusBarPolicy(  262): updateWifi RSSI_CHANGED_ACTION newRssi:-69 newSignalLevel: 2 mLastWifiSignalLevel: 1
D/PowerManagerService(  192): acquireWakeLock flags=0x1 tag=AlarmManager
D/PowerManagerService(  192): acquireWakeLock flags=0x1 tag=SyncManagerHandleSyncAlarm
D/PowerManagerService(  192): releaseWakeLock flags=0x1 tag=AlarmManager
D/PowerManagerService(  192): releaseWakeLock flags=0x1 tag=SyncManagerHandleSyncAlarm
I/ONCRPC  (  157): rpc_handle_rpc_call: for Xid: c135, Prog: 31000000, Vers: fc37ad5c, Proc: 00000012
I/ONCRPC  (  157): rpc_handle_rpc_call: Find Status: 0 Xid: c135
I/ONCRPC  (  157): oncrpc_proxy_handle_cmd_rpc_call: Dispatching xid: c135
D/SlateService(  192): onSignalStrengthsChanged:SignalStrength: 99 99 255 -115 -120 -120 -1 -1 99 2147483647 -32767 2147483647 -32767 cdma
D/StatusBarPolicy(  262): updateSignalStrength,ServiceState: 0 home republic 1023111 1023111  1xRTT(subscription=0) CSS not supported 2 4106RoamInd: 1DefRoamInd: 1EmergOnly: falsechannel: 0 RadioTechnology: 6 isCDMA: true
I/ONCRPC  (  157): rpc_handle_rpc_call: for Xid: c136, Prog: 31000000, Vers: fc37ad5c, Proc: 00000012
I/ONCRPC  (  157): rpc_handle_rpc_call: Find Status: 0 Xid: c136
I/ONCRPC  (  157): oncrpc_proxy_handle_cmd_rpc_call: Dispatching xid: c136
D/PowerManagerService(  192): acquireWakeLock flags=0x1 tag=RILJ
D/PowerManagerService(  192): acquireWakeLock flags=0x1 tag=RILJ
I/ONCRPC  (  157): Setup RPC Call for task 80219410
I/ONCRPC  (  157): oncrpc_xdr_call_msg_start: Prog: 3000000e, Ver: 00090001, Proc: 0000000a
I/ONCRPC  (  157): xdr_std_msg_send_call: Sent Xid: 483, Prog: 3000000e, Ver: 00090001, Proc: 0000000a
D/PowerManagerService(  192): acquireWakeLock flags=0x1 tag=RILJ
I/ONCRPC  (  157): xdr_std_msg_send_call: Received Reply Xid: 483, Prog: 3000000e, Ver: 00090001, Proc: 0000000a
D/PowerManagerService(  192): releaseWakeLock flags=0x1 tag=RILJ
I/TelephonyRegistry(  192): notifyServiceState: 0 home republic 1023111 1023111  1xRTT(subscription=0) CSS not supported 2 4106RoamInd: 1DefRoamInd: 1EmergOnly: falsechannel: 0
D/StatusBarPolicy(  262): updateSignalStrength,ServiceState: 0 home republic 1023111 1023111  1xRTT(subscription=0) CSS not supported 2 4106RoamInd: 1DefRoamInd: 1EmergOnly: falsechannel: 0 RadioTechnology: 6 isCDMA: true
V/StatusBarPolicy(  262): Cdma ROAMING_INDICATOR_OFF, removing ERI icon
D/StatusBarPolicy(  262): updateDataIcon mSimState: READY hasService=true mServiceState.getRadioTechnology(): 6 mDataState: 0
D/StatusBarPolicy(  262): getRadioTechnology,oldValue: 6 newValue: 6
D/StatusBarPolicy(  262): updateWifi: android.net.wifi.RSSI_CHANGED : wifi state: 4 supplicant connected: false
D/StatusBarPolicy(  262): updateWifi RSSI_CHANGED_ACTION newRssi:-74 newSignalLevel: 1 mLastWifiSignalLevel: 2
I/ONCRPC  (  157): rpc_handle_rpc_call: for Xid: c138, Prog: 31000000, Vers: fc37ad5c, Proc: 00000012
I/ONCRPC  (  157): rpc_handle_rpc_call: Find Status: 0 Xid: c138
I/ONCRPC  (  157): oncrpc_proxy_handle_cmd_rpc_call: Dispatching xid: c138
D/SlateService(  192): onSignalStrengthsChanged:SignalStrength: 99 99 255 -114 -130 -120 -1 -1 99 2147483647 -32767 2147483647 -32767 cdma
D/StatusBarPolicy(  262): updateSignalStrength,ServiceState: 0 home republic 1023111 1023111  1xRTT(subscription=0) CSS not supported 2 4106RoamInd: 1DefRoamInd: 1EmergOnly: falsechannel: 0 RadioTechnology: 6 isCDMA: true
D/PowerManagerService(  192): setTimeoutLocked now=128534087 timeoutOverride=-1 nextState=1 when=128581087
I/ONCRPC  (  157): rpc_handle_rpc_call: for Xid: c13a, Prog: 31000000, Vers: fc37ad5c, Proc: 00000012
I/ONCRPC  (  157): rpc_handle_rpc_call: Find Status: 0 Xid: c13a
I/ONCRPC  (  157): oncrpc_proxy_handle_cmd_rpc_call: Dispatching xid: c13a
D/StatusBarPolicy(  262): updateSignalStrength,ServiceState: 0 home republic 1023111 1023111  1xRTT(subscription=0) CSS not supported 2 4106RoamInd: 1DefRoamInd: 1EmergOnly: falsechannel: 0 RadioTechnology: 6 isCDMA: true
I/ONCRPC  (  157): rpc_handle_rpc_call: for Xid: c13b, Prog: 31000000, Vers: fc37ad5c, Proc: 00000012
I/ONCRPC  (  157): rpc_handle_rpc_call: Find Status: 0 Xid: c13b
I/ONCRPC  (  157): oncrpc_proxy_handle_cmd_rpc_call: Dispatching xid: c13b
D/SlateService(  192): onSignalStrengthsChanged:SignalStrength: 99 99 255 -115 -170 -120 -1 -1 99 2147483647 -32767 2147483647 -32767 cdma
D/PowerManagerService(  192): acquireWakeLock flags=0x1 tag=RILJ
I/ONCRPC  (  157): Setup RPC Call for task 80219410
I/ONCRPC  (  157): oncrpc_xdr_call_msg_start: Prog: 3000000e, Ver: 00090001, Proc: 0000000a
I/ONCRPC  (  157): xdr_std_msg_send_call: Sent Xid: 484, Prog: 3000000e, Ver: 00090001, Proc: 0000000a
D/PowerManagerService(  192): acquireWakeLock flags=0x1 tag=RILJ
I/ONCRPC  (  157): xdr_std_msg_send_call: Received Reply Xid: 484, Prog: 3000000e, Ver: 00090001, Proc: 0000000a
D/PowerManagerService(  192): releaseWakeLock flags=0x1 tag=RILJ
D/PowerManagerService(  192): acquireWakeLock flags=0x1 tag=RILJ
D/PowerManagerService(  192): releaseWakeLock flags=0x1 tag=RILJ
I/TelephonyRegistry(  192): notifyServiceState: 0 home republic 1023111 1023111  1xRTT(subscription=0) CSS not supported 2 4106RoamInd: 1DefRoamInd: 1EmergOnly: falsechannel: 0
D/StatusBarPolicy(  262): updateSignalStrength,ServiceState: 0 home republic 1023111 1023111  1xRTT(subscription=0) CSS not supported 2 4106RoamInd: 1DefRoamInd: 1EmergOnly: falsechannel: 0 RadioTechnology: 6 isCDMA: true
V/StatusBarPolicy(  262): Cdma ROAMING_INDICATOR_OFF, removing ERI icon
D/StatusBarPolicy(  262): updateDataIcon mSimState: READY hasService=true mServiceState.getRadioTechnology(): 6 mDataState: 0
D/StatusBarPolicy(  262): getRadioTechnology,oldValue: 6 newValue: 6
I/ONCRPC  (  157): rpc_handle_rpc_call: for Xid: c13d, Prog: 31000000, Vers: fc37ad5c, Proc: 00000012
I/ONCRPC  (  157): rpc_handle_rpc_call: Find Status: 0 Xid: c13d
I/ONCRPC  (  157): oncrpc_proxy_handle_cmd_rpc_call: Dispatching xid: c13d
D/StatusBarPolicy(  262): updateSignalStrength,ServiceState: 0 home republic 1023111 1023111  1xRTT(subscription=0) CSS not supported 2 4106RoamInd: 1DefRoamInd: 1EmergOnly: falsechannel: 0 RadioTechnology: 6 isCDMA: true
D/SlateService(  192): onSignalStrengthsChanged:SignalStrength: 99 99 255 -116 -140 -120 -1 -1 99 2147483647 -32767 2147483647 -32767 cdma
I/ONCRPC  (  157): rpc_handle_rpc_call: for Xid: c13e, Prog: 31000000, Vers: fc37ad5c, Proc: 00000012
I/ONCRPC  (  157): rpc_handle_rpc_call: Find Status: 0 Xid: c13e
I/ONCRPC  (  157): oncrpc_proxy_handle_cmd_rpc_call: Dispatching xid: c13e
D/PowerManagerService(  192): acquireWakeLock flags=0x1 tag=RILJ
I/ONCRPC  (  157): Setup RPC Call for task 80219410
I/ONCRPC  (  157): oncrpc_xdr_call_msg_start: Prog: 3000000e, Ver: 00090001, Proc: 0000000a
I/ONCRPC  (  157): xdr_std_msg_send_call: Sent Xid: 485, Prog: 3000000e, Ver: 00090001, Proc: 0000000a
D/PowerManagerService(  192): acquireWakeLock flags=0x1 tag=RILJ
I/ONCRPC  (  157): xdr_std_msg_send_call: Received Reply Xid: 485, Prog: 3000000e, Ver: 00090001, Proc: 0000000a
D/PowerManagerService(  192): acquireWakeLock flags=0x1 tag=RILJ
D/PowerManagerService(  192): releaseWakeLock flags=0x1 tag=RILJ
I/TelephonyRegistry(  192): notifyServiceState: 0 home republic 1023111 1023111  1xRTT(subscription=0) CSS not supported 2 4106RoamInd: 1DefRoamInd: 1EmergOnly: falsechannel: 0
D/StatusBarPolicy(  262): updateSignalStrength,ServiceState: 0 home republic 1023111 1023111  1xRTT(subscription=0) CSS not supported 2 4106RoamInd: 1DefRoamInd: 1EmergOnly: falsechannel: 0 RadioTechnology: 6 isCDMA: true
V/StatusBarPolicy(  262): Cdma ROAMING_INDICATOR_OFF, removing ERI icon
D/StatusBarPolicy(  262): updateDataIcon mSimState: READY hasService=true mServiceState.getRadioTechnology(): 6 mDataState: 0
D/StatusBarPolicy(  262): getRadioTechnology,oldValue: 6 newValue: 6
D/PowerManagerService(  192): acquireWakeLock flags=0x1 tag=AlarmManager
D/PowerManagerService(  192): acquireWakeLock flags=0x1 tag=SipWakeLock
D/PowerManagerService(  192): releaseWakeLock flags=0x1 tag=AlarmManager
D/PowerManagerService(  192): releaseWakeLock flags=0x1 tag=SipWakeLock
D/PowerManagerService(  192): acquireWakeLock flags=0x1 tag=AlarmManager
I/AlarmManager(  192): receive ACTION_TIME_TICK
I/AlarmManager(  192): currentTime MINUTE: 14 currentTime SECOND: 0
I/AlarmManager(  192): set  mTimeTickSender
D/PowerManagerService(  192): releaseWakeLock flags=0x1 tag=AlarmManager
D/BatteryService(  192): mForbidHalting[false] mForbidOTP[false]
D/BatteryService(  192): Post: Temp(280), Status(2), Health(2), Level(99), PlugType(2), AC(false), USB(true)
D/PowerManagerService(  192): acquireWakeLock flags=0x1 tag=AlarmManager
D/PowerManagerService(  192): acquireWakeLock flags=0x1 tag=SyncManagerHandleSyncAlarm
D/PowerManagerService(  192): releaseWakeLock flags=0x1 tag=AlarmManager
D/PowerManagerService(  192): acquireWakeLock flags=0x1 tag=*sync*
D/PowerManagerService(  192): releaseWakeLock flags=0x1 tag=SyncManagerHandleSyncAlarm
D/PowerManagerService(  192): releaseWakeLock flags=0x1 tag=*sync*
D/PowerManagerService(  192): acquireWakeLock flags=0x1 tag=AlarmManager
D/PowerManagerService(  192): acquireWakeLock flags=0x1 tag=SipWakeLock
D/PowerManagerService(  192): releaseWakeLock flags=0x1 tag=AlarmManager
D/PowerManagerService(  192): releaseWakeLock flags=0x1 tag=SipWakeLock
I/ONCRPC  (  157): rpc_handle_rpc_call: for Xid: c147, Prog: 31000000, Vers: fc37ad5c, Proc: 00000012
I/ONCRPC  (  157): rpc_handle_rpc_call: Find Status: 0 Xid: c147
I/ONCRPC  (  157): oncrpc_proxy_handle_cmd_rpc_call: Dispatching xid: c147
D/StatusBarPolicy(  262): updateSignalStrength,ServiceState: 0 home republic 1023111 1023111  1xRTT(subscription=0) CSS not supported 2 4106RoamInd: 1DefRoamInd: 1EmergOnly: falsechannel: 0 RadioTechnology: 6 isCDMA: true
D/SlateService(  192): onSignalStrengthsChanged:SignalStrength: 99 99 255 -114 -120 -120 -1 -1 99 2147483647 -32767 2147483647 -32767 cdma
D/PowerManagerService(  192): acquireWakeLock flags=0x1 tag=AlarmManager
D/PowerManagerService(  192): acquireWakeLock flags=0x1 tag=SipWakeLock
D/PowerManagerService(  192): releaseWakeLock flags=0x1 tag=AlarmManager
D/PowerManagerService(  192): releaseWakeLock flags=0x1 tag=SipWakeLock
D/PowerManagerService(  192): acquireWakeLock flags=0x1 tag=AlarmManager
D/PowerManagerService(  192): acquireWakeLock flags=0x1 tag=SipWakeLock
D/PowerManagerService(  192): releaseWakeLock flags=0x1 tag=AlarmManager
D/PowerManagerService(  192): releaseWakeLock flags=0x1 tag=SipWakeLock
D/PowerManagerService(  192): acquireWakeLock flags=0x1 tag=SyncManagerHandleSyncAlarm
D/PowerManagerService(  192): acquireWakeLock flags=0x1 tag=AlarmManager
D/PowerManagerService(  192): releaseWakeLock flags=0x1 tag=AlarmManager
D/PowerManagerService(  192): releaseWakeLock flags=0x1 tag=SyncManagerHandleSyncAlarm
D/StatusBarPolicy(  262): updateWifi: android.net.wifi.RSSI_CHANGED : wifi state: 4 supplicant connected: false
D/StatusBarPolicy(  262): updateWifi RSSI_CHANGED_ACTION newRssi:-70 newSignalLevel: 2 mLastWifiSignalLevel: 1
D/PowerManagerService(  192): acquireWakeLock flags=0x1 tag=SipWakeLock
D/PowerManagerService(  192): acquireWakeLock flags=0x1 tag=AlarmManager
D/PowerManagerService(  192): releaseWakeLock flags=0x1 tag=AlarmManager
D/PowerManagerService(  192): releaseWakeLock flags=0x1 tag=SipWakeLock
D/BatteryService(  192): mForbidHalting[false] mForbidOTP[false]
D/BatteryService(  192): Post: Temp(280), Status(2), Health(2), Level(99), PlugType(2), AC(false), USB(true)
D/PowerManagerService(  192): setPowerState: mPowerState=3 newState=1 noChangeLights=false
D/PowerManagerService(  192):   oldKeyboardBright=false newKeyboardBright=false
D/PowerManagerService(  192):   oldScreenBright=true newScreenBright=false
D/PowerManagerService(  192):   oldButtonBright=false newButtonBright=false
D/PowerManagerService(  192):   oldScreenOn=true newScreenOn=true
D/PowerManagerService(  192):   oldBatteryLow=false newBatteryLow=false
I/PowerManagerService(  192): SCREEN_ON_BIT 3 steps:1
D/PowerManagerService(  192): setTimeoutLocked now=128581098 timeoutOverride=-1 nextState=0 when=128588098
W/LightsService(  192): Method(setLightLocked), LightID(BACKLIGHT), Color(0xFF141414), Mode(FLASH_NONE), OnMS(0), OffMS(0)
W/ActivityManager(  192): No content provider found for: 
W/ActivityManager(  192): No content provider found for: 
I/ActivityManager(  192): Force stopping package cc.gilmore.todo uid=10112
I/PackageManager(  192): Package cc.gilmore.todo codePath changed from /data/app/cc.gilmore.todo-1.apk to /data/app/cc.gilmore.todo-2.apk; Retaining data and using new
I/PackageManager(  192): Unpacking native libraries for /data/app/cc.gilmore.todo-2.apk
I/ActivityManager(  192): Force stopping package cc.gilmore.todo uid=10112
W/PackageManager(  192): Code path for pkg : cc.gilmore.todo changing from /data/app/cc.gilmore.todo-1.apk to /data/app/cc.gilmore.todo-2.apk
W/PackageManager(  192): Resource path for pkg : cc.gilmore.todo changing from /data/app/cc.gilmore.todo-1.apk to /data/app/cc.gilmore.todo-2.apk
--------- beginning of /dev/log/main
D/PackageManager(  192): New package installed in /data/app/cc.gilmore.todo-2.apk
D/dalvikvm(  192): GC_FOR_MALLOC freed 1145K, 34% free 8414K/12743K, external 6181K/7719K, paused 82ms
I/ActivityManager(  192): Force stopping package cc.gilmore.todo uid=10112
D/dalvikvm(  330): GC_EXPLICIT freed 300K, 53% free 3741K/7815K, external 6635K/7240K, paused 38ms
D/dalvikvm(  362): GC_EXPLICIT freed 139K, 51% free 3155K/6407K, external 3005K/3347K, paused 35ms
D/dalvikvm(  287): GC_EXPLICIT freed 274K, 49% free 4712K/9159K, external 6641K/7421K, paused 81ms
D/ActivityGraphModel(  362): 2011/12/07
D/ActivityGraphModel(  362): receive intent:Intent { act=android.intent.action.PACKAGE_REMOVED dat=package:cc.gilmore.todo flg=0x10000000 cmp=com.motorola.mmsp.activitygraph/.ActivityGraphModel (has extras) }
D/Sources (  287): Creating external source for type=com.facebook.auth.login, packageName=com.facebook.katana
D/Sources (  287): Creating external source for type=com.facebook.auth.login, packageName=com.facebook.katana
I/ActivityManager(  192): Start proc com.google.android.gms.drive for broadcast com.google.android.gms/.drive.api.DriveSystemBroadcastReceiver: pid=28633 uid=10001 gids={3003, 1015, 1006, 3002, 3001, 1007, 2001}
D/ServiceStateTracker(  290): signalStrength = 99, rssi = 255
I/ONCRPC  (  157): rpc_handle_rpc_call: for Xid: c15c, Prog: 31000000, Vers: fc37ad5c, Proc: 00000012
I/ONCRPC  (  157): rpc_handle_rpc_call: Find Status: 0 Xid: c15c
I/ONCRPC  (  157): oncrpc_proxy_handle_cmd_rpc_call: Dispatching xid: c15c
D/StatusBarPolicy(  262): updateSignalStrength,ServiceState: 0 home republic 1023111 1023111  1xRTT(subscription=0) CSS not supported 2 4106RoamInd: 1DefRoamInd: 1EmergOnly: falsechannel: 0 RadioTechnology: 6 isCDMA: true
D/dalvikvm(  120): GC_EXPLICIT freed 11K, 44% free 3036K/5379K, external 1754K/2138K, paused 151ms
D/szipinf (  192): Initializing inflate state
D/dalvikvm(  120): GC_EXPLICIT freed <1K, 44% free 3036K/5379K, external 1754K/2138K, paused 99ms
D/dalvikvm(  120): GC_EXPLICIT freed <1K, 44% free 3036K/5379K, external 1754K/2138K, paused 102ms
I/MultiDex(28633): install
I/MultiDex(28633): MultiDexExtractor.load(/data/app/com.google.android.gms-1.apk, false)
I/MultiDex(28633): loading existing secondary dex files
I/MultiDex(28633): load found 1 secondary dex files
I/MultiDex(28633): install done
I/ActivityThread(28633): Pub com.google.android.gms.drive: com.google.android.gms.drive.data.sync.syncadapter.DatabaseNotificationContentProvider
I/ProviderInstaller(28633): Insert disabled by gate 'gms:security:enable_conscrypt_in_gms_application'
D/PackageBroadcastService( 8715): Received broadcast action=android.intent.action.PACKAGE_REMOVED and uri=cc.gilmore.todo
D/dalvikvm(  192): GC_EXPLICIT freed 1095K, 35% free 8315K/12743K, external 6181K/7719K, paused 105ms
D/PowerManagerService(  192): acquireWakeLock flags=0x1 tag=Icing
D/ActivityGraphModel(  362): 2011/12/07
D/ActivityGraphModel(  362): receive intent:Intent { act=android.intent.action.PACKAGE_ADDED dat=package:cc.gilmore.todo flg=0x10000000 cmp=com.motorola.mmsp.activitygraph/.ActivityGraphModel (has extras) }
D/ActivityGraphModel(  362): updateApptoDatabase:cc.gilmore.todo
D/PowerManagerService(  192): acquireWakeLock flags=0x1 tag=AsyncService
D/ActivityGraphModel(  362): find comp :cc.gilmore.todo/.activity.SimpleTodoActivity
D/ActivityGraphModel(  362): getGraphyMode:0
D/ActivityGraphModel(  362): query rank data
D/ActivityGraphModel(  362): finally
D/GTalkService(  411): handlePackageInstalled: re-initialize providers
D/PowerManagerService(  192): releaseWakeLock flags=0x1 tag=AsyncService
D/GTalkService(  411): [RawStanzaProvidersMgr] ##### searchProvidersFromIntent
D/GTalkService(  411): [RawStanzaProvidersMgr] no intent receivers found
I/installd(  123): unlink /data/dalvik-cache/data@app@cc.gilmore.todo-1.apk@classes.dex
E/AndroidRuntime(28620): exception :java.io.FileNotFoundException: /dev/kmsg (Permission denied)
D/AndroidRuntime(28620): Shutting down VM
D/dalvikvm(28620): GC_CONCURRENT freed 103K, 69% free 326K/1024K, external 0K/0K, paused 1ms+2ms
I/AndroidRuntime(28620): NOTE: attach of thread 'Binder Thread #3' failed
D/jdwp    (28620): Got wake-up signal, bailing out of select
D/dalvikvm(28620): Debugger has detached; object registry had 1 entries
D/PackageBroadcastService( 8715): Received broadcast action=android.intent.action.PACKAGE_ADDED and uri=cc.gilmore.todo
D/PackageAddedReceiver(  411): package added cc.gilmore.todo
I/PeopleContactsSync( 8715): CP2 sync disabled
D/PowerManagerService(  192): acquireWakeLock flags=0x1 tag=AsyncService
D/PowerManagerService(  192): releaseWakeLock flags=0x1 tag=AsyncService
D/PowerManagerService(  192): acquireWakeLock flags=0x1 tag=AlarmManager
D/AndroidRuntime(28651): 
D/AndroidRuntime(28651): >>>>>> AndroidRuntime START com.android.internal.os.RuntimeInit <<<<<<
D/AndroidRuntime(28651): CheckJNI is OFF
D/dalvikvm(28651): creating instr width table
I/DataUsage(  390): cancelling DataUsage alarm
I/DataUsage(  390): setting DataUsage alarm
D/SlateService(  192): onSignalStrengthsChanged:SignalStrength: 99 99 255 -112 -90 -120 -1 -1 99 2147483647 -32767 2147483647 -32767 cdma
D/dalvikvm(28651): Unable to stat classpath element '/system/app/PeopleCentricWidget.apk'
D/dalvikvm(28651): Unable to stat classpath element '/system/app/MotoSinaWeather2_Service.apk'
D/dalvikvm(28651): Unable to stat classpath element '/system/app/MotoSinaWeather2_mdpi.apk'
D/dalvikvm(28651): Unable to stat classpath element '/system/app/MotoAccuWeather2_mdpi.apk'
D/PackageBroadcastService( 8715): Received broadcast action=android.intent.action.PACKAGE_REPLACED and uri=cc.gilmore.todo
D/GCM     (  411): GcmService start Intent { act=com.google.android.gms.INITIALIZE pkg=com.google.android.gms cmp=com.google.android.gms/.gcm.GcmService } com.google.android.gms.INITIALIZE
I/PeopleContactsSync( 8715): CP2 sync disabled
D/PowerManagerService(  192): releaseWakeLock flags=0x1 tag=AlarmManager
D/AndroidRuntime(28651): Calling main entry com.android.commands.am.Am
I/ActivityManager(  192): Force stopping package cc.gilmore.todo uid=10112
D/HomeActivity(  330): onSaveInstanceState --RUNTIME_STATE_CURRENT_SCREEN==3
D/HomeActivity(  330): HomeActivity---onPause--enter
D/Launcher(  330): endDrag---mIsNewShotcutFrMainmenu=false
I/ActivityManager(  192): Starting: Intent { act=android.intent.action.MAIN cat=[android.intent.category.LAUNCHER] flg=0x10000000 cmp=cc.gilmore.todo/.activity.SimpleTodoActivity } from pid 28651
D/PowerManagerService(  192): acquireWakeLock flags=0x1 tag=ActivityManager-Launch
E/AndroidRuntime(28651): exception :java.io.FileNotFoundException: /dev/kmsg (Permission denied)
D/AndroidRuntime(28651): Shutting down VM
I/AndroidRuntime(28651): NOTE: attach of thread 'Binder Thread #3' failed
D/InputQueue(  192): Registering input channel '40c5bb48 Starting cc.gilmore.todo (client)'
V/WindowManager(  192): Found focus @ 5 = Window{40a28500 com.motorola.mmsp.threed.motohome/com.motorola.mmsp.threed.motohome.HomeActivity paused=true}
D/dalvikvm(28651): GC_CONCURRENT freed 104K, 68% free 329K/1024K, external 0K/0K, paused 1ms+1ms
D/jdwp    (28651): Got wake-up signal, bailing out of select
D/dalvikvm(28651): Debugger has detached; object registry had 1 entries
D/HomeActivity(  330): HomeActivity---onPause--exit
I/ActivityManager(  192): Start proc cc.gilmore.todo for activity cc.gilmore.todo/.activity.SimpleTodoActivity: pid=28665 uid=10112 gids={}
V/WindowManager(  192): Set focused app to: AppWindowToken{40a07a48 token=HistoryRecord{409b8500 cc.gilmore.todo/.activity.SimpleTodoActivity}}
D/WindowManager(  192): Input focus has changed to null
W/ActivityThread(28665): Application cc.gilmore.todo is waiting for the debugger on port 8100...
I/System.out(28665): Sending WAIT chunk
V/WindowManager(  192): Found focus @ 12 = Window{40c5fae0 Waiting For Debugger paused=false}
D/WindowManager(  192): Input focus has changed to Window{40c5fae0 Waiting For Debugger paused=false}
V/WindowManager(  192): Found focus @ 12 = Window{40c5fae0 Waiting For Debugger paused=false}
D/InputQueue(  192): Registering input channel '40c5fae0 Waiting For Debugger (client)'
V/WindowManager(  192): Found focus @ 12 = Window{40c5fae0 Waiting For Debugger paused=false}
V/WindowManager(  192): Found focus @ 12 = Window{40c5fae0 Waiting For Debugger paused=false}
D/PowerManagerService(  192): releaseWakeLock flags=0x1 tag=Icing
V/WifiStateTracker(  192): handleMessage(): msg.what= 8
D/StatusBarPolicy(  262): updateWifi: android.net.wifi.RSSI_CHANGED : wifi state: 4 supplicant connected: false
D/StatusBarPolicy(  262): updateWifi RSSI_CHANGED_ACTION newRssi:-71 newSignalLevel: 1 mLastWifiSignalLevel: 2
D/szipinf (  287): Initializing inflate state
D/PowerManagerService(  192): updateLightsLocked - 33
D/PowerManagerService(  192): updateLightsLocked: 0, 0, 1, 0, 0
D/PowerManagerService(  192): setPowerState: mPowerState=1 newState=0 noChangeLights=false
D/PowerManagerService(  192):   oldKeyboardBright=false newKeyboardBright=false
D/PowerManagerService(  192):   oldScreenBright=false newScreenBright=false
D/PowerManagerService(  192):   oldButtonBright=false newButtonBright=false
D/PowerManagerService(  192):   oldScreenOn=true newScreenOn=false
D/PowerManagerService(  192):   oldBatteryLow=false newBatteryLow=false
I/PowerManagerService(  192): SCREEN_ON_BIT 3 steps:1
D/PowerManagerService(  192): setScreenStateLocked on=false mDoneBooting=true
I/power   (  192): *** set_screen_state 0
W/LightsService(  192): Method(setLightLocked), LightID(BACKLIGHT), Color(0xFF000000), Mode(FLASH_NONE), OnMS(0), OffMS(0)
W/LightsService(  192): Method(turnOff), LightID(BUTTONS), Color(0x0), Mode(FLASH_NONE), OnMS(0), OffMS(0)
W/LightsService(  192): Method(setLightLocked), LightID(BUTTONS), Color(0x0), Mode(FLASH_NONE), OnMS(0), OffMS(0)
W/LightsService(  192): Method(turnOff), LightID(KEYBOARD), Color(0x0), Mode(FLASH_NONE), OnMS(0), OffMS(0)
D/PowerManagerService(  192): acquireWakeLock flags=0x1 tag=sleep_broadcast
D/SurfaceFlinger(  192): About to give-up screen, flinger = 0x11e658
D/PowerManagerService(  192): acquireWakeLock flags=0x1 tag=ActivityManager-Sleep
D/PowerManagerService(  192): releaseWakeLock flags=0x1 tag=ActivityManager-Launch
D/IronNotifyLed(  382): receiving intent ... <com.fihtdc.action.THIRD_PARTY_APPS_OFF>
D/IronNotifyLed(  382): Domino-1.1 LED: fullBattery(X), LowBattery(X), LowBatteryCharging(X), charging(O), MissingCall(X), NewMsg(X), NewMail(X), ScreenON(O), 3rdPartyApps(X)
D/IronNotifyLed(  382): notifyLedAlwaysOn color : 16776960
D/IronNotifyLed(  382): Led state :isChargingOn 
D/LightsService(  192): Pre: ScreenOn(false), InCall(false), Lights Size(1), Pending Existing(false)
W/LightsService(  192): Method(setColor), LightID(BATTERY), Color(0xFF00FF00), Mode(FLASH_NONE), OnMS(0), OffMS(0)
W/LightsService(  192): Method(turnOff), LightID(NOTIFICATIONS), Color(0x0), Mode(FLASH_NONE), OnMS(0), OffMS(0)
D/LightsService(  192): broadcasting <THIRD_PARTY_APPS_OFF> ...
D/LightsService(  192): Post: ScreenOn(false), InCall(false), Lights Size(1), Pending Existing(false)
D/LedManagerService(  192): solid color(FFFF00) ...
W/LightsService(  192): Method(setColor), LightID(FIH), Color(0xFFFF00), Mode(FLASH_NONE), OnMS(0), OffMS(0)
D/LiveCounter(  262): action: android.intent.action.SCREEN_OFF
D/WifiService(  192): BroadcastReceiver action=android.intent.action.SCREEN_OFF
D/WifiService(  192): Set as DEFAULT_IDLE_MILLIS idleMillis=900000
D/WifiService(  192): NETWORK_WIFI_SLEEP_POLICY= 2, wifiSleepPolicy = 2
D/WifiService(  192): ACTION_SCREEN_OFF  WIFI_SLEEP_POLICY=2
D/WifiService(  192): NETWORK_WIFI_SLEEP_POLICY= 2, wifiSleepPolicy = 2
D/WifiService(  192): setting ACTION_SLEEP_RESCAN timer for 720000ms time=-720000
D/WifiService(  192): NETWORK_WIFI_SLEEP_POLICY= 2, wifiSleepPolicy = 2
D/PowerManagerService(  192): acquireWakeLock flags=0x1 tag=AlarmManager
D/PowerManagerService(  192): acquireWakeLock flags=0x1 tag=RILJ
D/DATA    (  290): [DCT(0) ] intent received :android.intent.action.SCREEN_OFF
D/DATA    (  290): [DCT(0) ] enable_always_on<1>
I/ONCRPC  (  157): Setup RPC Call for task 80219410
I/ONCRPC  (  157): oncrpc_xdr_call_msg_start: Prog: 30000000, Ver: 9cac4f71, Proc: 0000005a
I/ONCRPC  (  157): xdr_std_msg_send_call: Sent Xid: 486, Prog: 30000000, Ver: 9cac4f71, Proc: 0000005a
I/ONCRPC  (  157): xdr_std_msg_send_call: Received Reply Xid: 486, Prog: 30000000, Ver: 9cac4f71, Proc: 0000005a
I/ONCRPC  (  157): Setup RPC Call for task 80219410
I/ONCRPC  (  157): oncrpc_xdr_call_msg_start: Prog: 30000000, Ver: 9cac4f71, Proc: 0000005a
I/ONCRPC  (  157): xdr_std_msg_send_call: Sent Xid: 487, Prog: 30000000, Ver: 9cac4f71, Proc: 0000005a
I/ONCRPC  (  157): xdr_std_msg_send_call: Received Reply Xid: 487, Prog: 30000000, Ver: 9cac4f71, Proc: 0000005a
D/DATA    (  290): [DCT(0) ] Start poll NetStat <false>
D/PowerManagerService(  192): releaseWakeLock flags=0x1 tag=RILJ
D/IronNotifyLed(  382): receiving intent ... <android.intent.action.SCREEN_OFF>
D/IronNotifyLed(  382): Domino-1.1 LED: fullBattery(X), LowBattery(X), LowBatteryCharging(X), charging(O), MissingCall(X), NewMsg(X), NewMail(X), ScreenON(X), 3rdPartyApps(X)
D/IronNotifyLed(  382): notifyLedAlwaysOn color : 16776960
D/IronNotifyLed(  382): Led state :isChargingOn 
D/LedManagerService(  192): solid color(FFFF00) ...
W/LightsService(  192): Method(setColor), LightID(FIH), Color(0xFFFF00), Mode(FLASH_NONE), OnMS(0), OffMS(0)
D/PowerManagerService(  192): acquireWakeLock flags=0x1 tag=Wakeful StateMachine: GeofencerStateMachine
D/PowerManagerService(  192): releaseWakeLock flags=0x1 tag=Wakeful StateMachine: GeofencerStateMachine
W/IInputConnectionWrapper(  330): getExtractedText on inactive InputConnection
D/PowerManagerService(  192): acquireWakeLock flags=0x1 tag=FbClientConnManager
D/_SIP.WkTimer_(  290): time's up, triggerTime = 3717.2.825: 2
D/_SIP.WkTimer_(  290): execute @409accd0:10:10:KeepAliveProcess@409e27b0
V/SipService(  290): acquire wakelock: holder count=1
V/\KEEPALIVE/(  290): ~~~ keepalive: sip:p8rhPDdd@p8rhPDddmob.phonebooth.com
D/PowerManagerService(  192): releaseWakeLock flags=0x1 tag=sleep_broadcast
D/PowerManagerService(  192): acquireWakeLock flags=0x1 tag=SipWakeLock
W/IInputConnectionWrapper(  330): getExtractedText on inactive InputConnection
D/_SIP.WkTimer_(  290): after timeout execution
D/_SIP.WkTimer_(  290):      @409accd0:10:10:KeepAliveProcess@409e27b0: scheduled at 3717.12.825: last at 3717.2.825
D/_SIP.WkTimer_(  290):      @407d4548:3540:3540:AutoRegistrationProcess@40773708: scheduled at 3738.22.825: last at 3679.26.107
D/PowerManagerService(  192): releaseWakeLock flags=0x1 tag=AlarmManager
D/szipinf (  287): Initializing inflate state
W/ActivityManager(  192): Activity pause timeout for HistoryRecord{409b8500 cc.gilmore.todo/.activity.SimpleTodoActivity}
D/PowerManagerService(  192): releaseWakeLock flags=0x1 tag=ActivityManager-Sleep
V/SipService(  290): release wakelock: holder count=0
D/PowerManagerService(  192): releaseWakeLock flags=0x1 tag=SipWakeLock
D/PowerManagerService(  192): releaseWakeLock flags=0x1 tag=FbClientConnManager
I/dalvikvm(28665): Debugger is active
V/WifiStateTracker(  192): handleMessage(): msg.what= 8
I/System.out(28665): Debugger has connected
I/System.out(28665): waiting for debugger to settle...
I/System.out(28665): waiting for debugger to settle...
I/System.out(28665): waiting for debugger to settle...
I/System.out(28665): waiting for debugger to settle...
I/System.out(28665): waiting for debugger to settle...
I/System.out(28665): waiting for debugger to settle...
I/System.out(28665): waiting for debugger to settle...
I/System.out(28665): waiting for debugger to settle...
I/System.out(28665): waiting for debugger to settle...
I/System.out(28665): debugger has settled (1358)
D/InputQueue(  192): Unregistering input channel '40c5fae0 Waiting For Debugger (client)'
D/WindowManager(  192): Input focus has changed to null
I/FihConfig(  192): can not find this tag <DIS_LOCK_SND_DUR_CALL>in the mUsedConfigData Array
I/FihConfig(  192): can not find this tag <DIS_LOCK_SND_DUR_CALL>.) in the mAllConfigArray
D/PowerManagerService(  192): acquireWakeLock flags=0x1 tag=AlarmManager
D/PowerManagerService(  192): acquireWakeLock flags=0x1 tag=show keyguard
I/ApkLockScreen(  192): tmp packageName = com.fihtdc.lockscreen
I/ApkLockScreen(  192): into FihApkLockScreen
I/ApkLockScreen(  192): onCreate()
I/ApkLockScreen(  192): packageName in FihParseApkView is: com.fihtdc.lockscreen
I/ApkLockScreen(  192): [FihLockScreenView]+++++packageName = com.fihtdc.lockscreen
D/PowerManagerService(  192): releaseWakeLock flags=0x1 tag=AlarmManager
I/ApkLockScreen(  192): minWidth = 61441
I/ApkLockScreen(  192): minHeight = 81921
I/ApkLockScreen(  192): initialLayout = 2130903041
I/ApkLockScreen(  192): className = null
I/SimArgs (  192): stateExtra = READY
I/SimArgs (  192): stateExtra = READY
I/SimArgs (  192): stateExtra = READY
I/ApkLockScreen(  192): find some apk
D/UnlockScreen(  192): I Have Add a condition to the frameword(isPatternLockTimeOut)false
D/FihLockScreen(  192): onAttachedToWindow
I/LockScreenStatusController(  192): reviece battery change
D/UnlockView(  192): onAttachedToWindow
I/DateLabel(  192): DateLabel onAttachedToWindow()
I/DateLabel(  192): DateLabel intent = null
D/UnlockScreen(  192): I Have Add a condition to the frameword(isPatternLockTimeOut)false
D/PowerManagerService(  192): setTimeoutLocked now=128593341 timeoutOverride=-1 nextState=0 when=128600341
D/PowerManagerService(  192): releaseWakeLock flags=0x1 tag=show keyguard
D/HomeActivity(  330): HomeActivity---CloseSystemDialogsIntentReceiver--reason==lock
D/LiveCounter(  262): action: android.intent.action.CLOSE_SYSTEM_DIALOGS
I/LockScreenStatusController(  192): onRefreshBatteryInfo
V/WindowManager(  192): Found focus @ 12 = Window{40991be8 Keyguard paused=false}
D/WindowManager(  192): Input focus has changed to Window{40991be8 Keyguard paused=false}
D/UnlockScreen(  192): I Have Add a condition to the frameword(isPatternLockTimeOut)false
D/SipSession(  290):  ~~~~~   @4080a848:READY_TO_CALL: READY_TO_CALL: processing OPTIONS sip:98.216.215.33:49586 SIP/2.0
D/SipSession(  290): Via: SIP/2.0/UDP 50.23.200.18:5090;branch=0
D/SipSession(  290): From: <sip:pinger@pb2.bandwidth.com>;tag=679484cd
D/SipSession(  290): To: <sip:98.216.215.33:49586>
D/SipSession(  290): Call-ID: 9b3a38a5-c8025efb-89539a@50.23.200.18
D/SipSession(  290): CSeq: 1 OPTIONS
D/SipSession(  290): Content-Length: 0
D/SipSession(  290): 
D/SipHelper(  290): send response: SIP/2.0 200 OK
D/SipHelper(  290): Via: SIP/2.0/UDP 50.23.200.18:5090;branch=0
D/SipHelper(  290): From: <sip:pinger@pb2.bandwidth.com>;tag=679484cd
D/SipHelper(  290): To: <sip:98.216.215.33:49586>
D/SipHelper(  290): Call-ID: 9b3a38a5-c8025efb-89539a@50.23.200.18
D/SipHelper(  290): CSeq: 1 OPTIONS
D/SipHelper(  290): Content-Length: 0
D/SipHelper(  290): 
D/SipSession(  290): new state after: READY_TO_CALL
W/ActivityManager(  192): Activity idle timeout for HistoryRecord{409b8500 cc.gilmore.todo/.activity.SimpleTodoActivity}
D/cc.gilmore.todo.simple-todos(28665): findAll triggered
D/cc.gilmore.todo.simple-todos(28665): 4 beans found
D/InputQueue(28665): Registering input channel '40cc09b8 cc.gilmore.todo/cc.gilmore.todo.activity.SimpleTodoActivity (client)'
V/WindowManager(  192): Found focus @ 13 = Window{40991be8 Keyguard paused=false}
D/_SIP.WkTimer_(  290): time's up, triggerTime = 3717.12.825: 2
D/_SIP.WkTimer_(  290): execute @409accd0:10:10:KeepAliveProcess@409e27b0
V/SipService(  290): acquire wakelock: holder count=1
D/_SIP.WkTimer_(  290): after timeout execution
D/_SIP.WkTimer_(  290):      @409accd0:10:10:KeepAliveProcess@409e27b0: scheduled at 3717.22.825: last at 3717.12.825
D/_SIP.WkTimer_(  290):      @407d4548:3540:3540:AutoRegistrationProcess@40773708: scheduled at 3738.22.825: last at 3679.26.107
D/PowerManagerService(  192): acquireWakeLock flags=0x1 tag=AlarmManager
D/PowerManagerService(  192): acquireWakeLock flags=0x1 tag=SipWakeLock
V/\KEEPALIVE/(  290): ~~~ keepalive: sip:p8rhPDdd@p8rhPDddmob.phonebooth.com
D/PowerManagerService(  192): releaseWakeLock flags=0x1 tag=AlarmManager
V/SipService(  290): release wakelock: holder count=0
D/PowerManagerService(  192): releaseWakeLock flags=0x1 tag=SipWakeLock
D/SipSession(  290):  ~~~~~   @4080a848:READY_TO_CALL: READY_TO_CALL: processing SIP/2.0 200 ok
D/SipSession(  290): Call-ID: 26d033d2a9a6995d8dbc62414d1427fc@192.168.1.3
D/SipSession(  290): CSeq: 6244 OPTIONS
D/SipSession(  290): From: "+19783377548" <sip:p8rhPDdd@p8rhPDddmob.phonebooth.com>;tag=2467362428
D/SipSession(  290): To: "+19783377548" <sip:p8rhPDdd@p8rhPDddmob.phonebooth.com>;tag=351ec21695cc8535466ca08f05870837.2943
D/SipSession(  290): Via: SIP/2.0/UDP 192.168.1.3:49586;branch=z9hG4bKae1fa827098df9d68d59488d9d19f26a323235;rport=49586;received=98.216.215.33
D/SipSession(  290): Server: Phonebooth/1.1.0
D/SipSession(  290): Content-Length: 0
D/SipSession(  290): 
I/AlarmManager(  192): receive ACTION_TIME_TICK
I/AlarmManager(  192): currentTime MINUTE: 15 currentTime SECOND: 0
D/PowerManagerService(  192): acquireWakeLock flags=0x1 tag=AlarmManager
I/AlarmManager(  192): set  mTimeTickSender
I/DateLabel(  192): DateLabel receive = android.intent.action.TIME_TICK
D/PowerManagerService(  192): releaseWakeLock flags=0x1 tag=AlarmManager
D/PowerManagerService(  192): acquireWakeLock flags=0x1 tag=AlarmManager
D/PowerManagerService(  192): releaseWakeLock flags=0x1 tag=AlarmManager
D/dalvikvm(27343): GC_CONCURRENT freed 640K, 44% free 3983K/7111K, external 1754K/2138K, paused 4ms+5ms
D/Finsky  (27343): [1] 5.onFinished: Installation state replication succeeded.
W/InputDispatcher(  192): slateLogKey ro.SYSTEM_ENALBE_SLATE_DC_TEST propValue=true
W/InputDispatcher(  192): slateLogKey result=-1 iRes:0  keycode=26 state=0
I/InputDispatcher(  192): event_report_payload event_id=430 length:3  pEvent->length=14 pEvent->event_id.event_id_field.payload_len=3
E/InputDispatcher(  192): Event_report_payload: Failed to write keypress event to kernel, error = 5
D/PowerManagerService(  192): setScreenStateLocked on=true mDoneBooting=true
I/power   (  192): *** set_screen_state 1
D/WindowManager(  192): interceptKeyTq keycode=26 screenIsOn=false keyguardActive=true
D/KeyguardViewMediator(  192): wakeWhenReadyLocked(26)
D/PowerManagerService(  192): updateLightsLocked - 33
D/PowerManagerService(  192): updateLightsLocked: 7, 0, 0, 4, 0
D/WindowManager(  192): mEndcallBehavior:2 mIncallPowerBehavior:2
D/WindowManager(  192): mIncallPowerBehavior & Settings.Secure.INCALL_POWER_BUTTON_BEHAVIOR_HANGUP2
D/PowerManagerService(  192): acquireWakeLock flags=0x1 tag=keyguardWakeAndHandOff
D/PowerManagerService(  192): acquireWakeLock flags=0x1000001a tag=keyguard
D/PowerManagerService(  192): setPowerState: mPowerState=0 newState=7 noChangeLights=false
D/PowerManagerService(  192):   oldKeyboardBright=false newKeyboardBright=false
D/PowerManagerService(  192):   oldScreenBright=false newScreenBright=true
D/PowerManagerService(  192):   oldButtonBright=false newButtonBright=true
